Archive member included to satisfy reference by file (symbol)

D:\Lap Trinh\lap trinh\embedded\SDK_1.0.3_NUCLEO-F401RE\lib_stm\libLibraries.a(system_stm32f4xx.o)
                              ./Src/main.o (SystemCoreClockUpdate)
D:\Lap Trinh\lap trinh\embedded\SDK_1.0.3_NUCLEO-F401RE\lib_stm\libLibraries.a(stm32f401re_gpio.o)
                              ./Src/main.o (GPIO_Init)
D:\Lap Trinh\lap trinh\embedded\SDK_1.0.3_NUCLEO-F401RE\lib_stm\libLibraries.a(stm32f401re_i2c.o)
                              ./Src/main.o (I2C_Init)
D:\Lap Trinh\lap trinh\embedded\SDK_1.0.3_NUCLEO-F401RE\lib_stm\libLibraries.a(stm32f401re_rcc.o)
                              D:\Lap Trinh\lap trinh\embedded\SDK_1.0.3_NUCLEO-F401RE\lib_stm\libLibraries.a(stm32f401re_i2c.o) (RCC_GetClocksFreq)
D:\Lap Trinh\lap trinh\embedded\SDK_1.0.3_NUCLEO-F401RE\lib_stm\libLibraries.a(timer.o)
                              ./Src/main.o (TimerInit)
D:\Lap Trinh\lap trinh\embedded\SDK_1.0.3_NUCLEO-F401RE\lib_stm\libLibraries.a(Ucglib.o)
                              ./Src/main.o (Ucglib4WireSWSPI_begin)
D:\Lap Trinh\lap trinh\embedded\SDK_1.0.3_NUCLEO-F401RE\lib_stm\libLibraries.a(ucg_box.o)
                              ./Src/main.o (ucg_ClearScreen)
D:\Lap Trinh\lap trinh\embedded\SDK_1.0.3_NUCLEO-F401RE\lib_stm\libLibraries.a(ucg_ccs.o)
                              D:\Lap Trinh\lap trinh\embedded\SDK_1.0.3_NUCLEO-F401RE\lib_stm\libLibraries.a(ucg_box.o) (ucg_ccs_init)
D:\Lap Trinh\lap trinh\embedded\SDK_1.0.3_NUCLEO-F401RE\lib_stm\libLibraries.a(ucg_circle.o)
                              D:\Lap Trinh\lap trinh\embedded\SDK_1.0.3_NUCLEO-F401RE\lib_stm\libLibraries.a(ucg_box.o) (ucg_DrawCircle)
D:\Lap Trinh\lap trinh\embedded\SDK_1.0.3_NUCLEO-F401RE\lib_stm\libLibraries.a(ucg_dev_default_cb.o)
                              D:\Lap Trinh\lap trinh\embedded\SDK_1.0.3_NUCLEO-F401RE\lib_stm\libLibraries.a(Ucglib.o) (ucg_dev_default_cb)
D:\Lap Trinh\lap trinh\embedded\SDK_1.0.3_NUCLEO-F401RE\lib_stm\libLibraries.a(ucg_dev_ic_st7735.o)
                              D:\Lap Trinh\lap trinh\embedded\SDK_1.0.3_NUCLEO-F401RE\lib_stm\libLibraries.a(Ucglib.o) (ucg_ext_st7735_18)
D:\Lap Trinh\lap trinh\embedded\SDK_1.0.3_NUCLEO-F401RE\lib_stm\libLibraries.a(ucg_dev_msg_api.o)
                              D:\Lap Trinh\lap trinh\embedded\SDK_1.0.3_NUCLEO-F401RE\lib_stm\libLibraries.a(ucg_box.o) (ucg_SetMaxClipRange)
D:\Lap Trinh\lap trinh\embedded\SDK_1.0.3_NUCLEO-F401RE\lib_stm\libLibraries.a(ucg_dev_tft_128x128_st7735.o)
                              D:\Lap Trinh\lap trinh\embedded\SDK_1.0.3_NUCLEO-F401RE\lib_stm\libLibraries.a(Ucglib.o) (ucg_dev_st7735_18x128x128)
D:\Lap Trinh\lap trinh\embedded\SDK_1.0.3_NUCLEO-F401RE\lib_stm\libLibraries.a(ucg_font.o)
                              D:\Lap Trinh\lap trinh\embedded\SDK_1.0.3_NUCLEO-F401RE\lib_stm\libLibraries.a(Ucglib.o) (ucg_SetFontMode)
D:\Lap Trinh\lap trinh\embedded\SDK_1.0.3_NUCLEO-F401RE\lib_stm\libLibraries.a(ucg_init.o)
                              D:\Lap Trinh\lap trinh\embedded\SDK_1.0.3_NUCLEO-F401RE\lib_stm\libLibraries.a(Ucglib.o) (ucg_Init)
D:\Lap Trinh\lap trinh\embedded\SDK_1.0.3_NUCLEO-F401RE\lib_stm\libLibraries.a(ucg_line.o)
                              D:\Lap Trinh\lap trinh\embedded\SDK_1.0.3_NUCLEO-F401RE\lib_stm\libLibraries.a(ucg_font.o) (ucg_Draw90Line)
D:\Lap Trinh\lap trinh\embedded\SDK_1.0.3_NUCLEO-F401RE\lib_stm\libLibraries.a(ucg_pixel.o)
                              ./Src/main.o (ucg_SetColor)
D:\Lap Trinh\lap trinh\embedded\SDK_1.0.3_NUCLEO-F401RE\lib_stm\libLibraries.a(ucg_pixel_font_data.o)
                              ./Src/main.o (ucg_font_ncenR12_hr)
D:\Lap Trinh\lap trinh\embedded\SDK_1.0.3_NUCLEO-F401RE\lib_stm\libLibraries.a(ucg_rotate.o)
                              ./Src/main.o (ucg_SetRotate180)
D:\Lap Trinh\lap trinh\embedded\SDK_1.0.3_NUCLEO-F401RE\lib_stm\libLibraries.a(buff.o)
                              D:\Lap Trinh\lap trinh\embedded\SDK_1.0.3_NUCLEO-F401RE\lib_stm\libLibraries.a(ucg_font.o) (bufInit)
D:\Lap Trinh\lap trinh\embedded\SDK_1.0.3_NUCLEO-F401RE\lib_stm\libLibraries.a(utilities.o)
                              D:\Lap Trinh\lap trinh\embedded\SDK_1.0.3_NUCLEO-F401RE\lib_stm\libLibraries.a(timer.o) (memsetl)
D:\Lap Trinh\lap trinh\embedded\SDK_1.0.3_NUCLEO-F401RE\lib_stm\libLibraries.a(ucg_clip.o)
                              D:\Lap Trinh\lap trinh\embedded\SDK_1.0.3_NUCLEO-F401RE\lib_stm\libLibraries.a(ucg_dev_ic_st7735.o) (ucg_clip_is_pixel_visible)
D:\Lap Trinh\lap trinh\embedded\SDK_1.0.3_NUCLEO-F401RE\lib_stm\libLibraries.a(ucg_com_msg_api.o)
                              D:\Lap Trinh\lap trinh\embedded\SDK_1.0.3_NUCLEO-F401RE\lib_stm\libLibraries.a(ucg_dev_ic_st7735.o) (ucg_com_PowerUp)
[...]
Memory Configuration

Name             Origin             Length             Attributes
RAM              0x0000000020000000 0x0000000000018000 xrw
FLASH            0x0000000008000000 0x0000000000080000 xr
*default*        0x0000000000000000 0xffffffffffffffff

Linker script and memory map

LOAD c:/st/stm32cubeide_1.10.1/stm32cubeide/plugins/com.st.stm32cube.ide.mcu.externaltools.gnu-tools-for-stm32.10.3-2021.10.win32_1.0.0.202111181127/tools/bin/../lib/gcc/arm-none-eabi/10.3.1/thumb/v7e-m+fp/hard/crti.o
LOAD c:/st/stm32cubeide_1.10.1/stm32cubeide/plugins/com.st.stm32cube.ide.mcu.externaltools.gnu-tools-for-stm32.10.3-2021.10.win32_1.0.0.202111181127/tools/bin/../lib/gcc/arm-none-eabi/10.3.1/thumb/v7e-m+fp/hard/crtbegin.o
LOAD c:/st/stm32cubeide_1.10.1/stm32cubeide/plugins/com.st.stm32cube.ide.mcu.externaltools.gnu-tools-for-stm32.10.3-2021.10.win32_1.0.0.202111181127/tools/bin/../lib/gcc/arm-none-eabi/10.3.1/../../../../arm-none-eabi/lib/thumb/v7e-m+fp/hard/crt0.o
LOAD ./Src/main.o
LOAD ./Src/syscalls.o
LOAD ./Src/sysmem.o
LOAD ./Startup/startup_stm32f401retx.o
LOAD D:\Lap Trinh\lap trinh\embedded\SDK_1.0.3_NUCLEO-F401RE\lib_stm\libLibraries.a
START GROUP
LOAD c:/st/stm32cubeide_1.10.1/stm32cubeide/plugins/com.st.stm32cube.ide.mcu.externaltools.gnu-tools-for-stm32.10.3-2021.10.win32_1.0.0.202111181127/tools/bin/../lib/gcc/arm-none-eabi/10.3.1/../../../../arm-none-eabi/lib/thumb/v7e-m+fp/hard\libc_nano.a
LOAD c:/st/stm32cubeide_1.10.1/stm32cubeide/plugins/com.st.stm32cube.ide.mcu.externaltools.gnu-tools-for-stm32.10.3-2021.10.win32_1.0.0.202111181127/tools/bin/../lib/gcc/arm-none-eabi/10.3.1/../../../../arm-none-eabi/lib/thumb/v7e-m+fp/hard\libm.a
END GROUP
START GROUP
LOAD c:/st/stm32cubeide_1.10.1/stm32cubeide/plugins/com.st.stm32cube.ide.mcu.externaltools.gnu-tools-for-stm32.10.3-2021.10.win32_1.0.0.202111181127/tools/bin/../lib/gcc/arm-none-eabi/10.3.1/thumb/v7e-m+fp/hard\libgcc.a
LOAD c:/st/stm32cubeide_1.10.1/stm32cubeide/plugins/com.st.stm32cube.ide.mcu.externaltools.gnu-tools-for-stm32.10.3-2021.10.win32_1.0.0.202111181127/tools/bin/../lib/gcc/arm-none-eabi/10.3.1/../../../../arm-none-eabi/lib/thumb/v7e-m+fp/hard\libc_nano.a
END GROUP
START GROUP
LOAD c:/st/stm32cubeide_1.10.1/stm32cubeide/plugins/com.st.stm32cube.ide.mcu.externaltools.gnu-tools-for-stm32.10.3-2021.10.win32_1.0.0.202111181127/tools/bin/../lib/gcc/arm-none-eabi/10.3.1/thumb/v7e-m+fp/hard\libgcc.a
LOAD c:/st/stm32cubeide_1.10.1/stm32cubeide/plugins/com.st.stm32cube.ide.mcu.externaltools.gnu-tools-for-stm32.10.3-2021.10.win32_1.0.0.202111181127/tools/bin/../lib/gcc/arm-none-eabi/10.3.1/../../../../arm-none-eabi/lib/thumb/v7e-m+fp/hard\libc_nano.a
LOAD c:/st/stm32cubeide_1.10.1/stm32cubeide/plugins/com.st.stm32cube.ide.mcu.externaltools.gnu-tools-for-stm32.10.3-2021.10.win32_1.0.0.202111181127/tools/bin/../lib/gcc/arm-none-eabi/10.3.1/../../../../arm-none-eabi/lib/thumb/v7e-m+fp/hard\libnosys.a
END GROUP
START GROUP
LOAD c:/st/stm32cubeide_1.10.1/stm32cubeide/plugins/com.st.stm32cube.ide.mcu.externaltools.gnu-tools-for-stm32.10.3-2021.10.win32_1.0.0.202111181127/tools/bin/../lib/gcc/arm-none-eabi/10.3.1/thumb/v7e-m+fp/hard\libgcc.a
LOAD c:/st/stm32cubeide_1.10.1/stm32cubeide/plugins/com.st.stm32cube.ide.mcu.externaltools.gnu-tools-for-stm32.10.3-2021.10.win32_1.0.0.202111181127/tools/bin/../lib/gcc/arm-none-eabi/10.3.1/../../../../arm-none-eabi/lib/thumb/v7e-m+fp/hard\libc_nano.a
LOAD c:/st/stm32cubeide_1.10.1/stm32cubeide/plugins/com.st.stm32cube.ide.mcu.externaltools.gnu-tools-for-stm32.10.3-2021.10.win32_1.0.0.202111181127/tools/bin/../lib/gcc/arm-none-eabi/10.3.1/../../../../arm-none-eabi/lib/thumb/v7e-m+fp/hard\libnosys.a
END GROUP
LOAD c:/st/stm32cubeide_1.10.1/stm32cubeide/plugins/com.st.stm32cube.ide.mcu.externaltools.gnu-tools-for-stm32.10.3-2021.10.win32_1.0.0.202111181127/tools/bin/../lib/gcc/arm-none-eabi/10.3.1/thumb/v7e-m+fp/hard/crtend.o
LOAD c:/st/stm32cubeide_1.10.1/stm32cubeide/plugins/com.st.stm32cube.ide.mcu.externaltools.gnu-tools-for-stm32.10.3-2021.10.win32_1.0.0.202111181127/tools/bin/../lib/gcc/arm-none-eabi/10.3.1/thumb/v7e-m+fp/hard/crtn.o
                0x0000000020018000                _estack = (ORIGIN (RAM) + LENGTH (RAM))
                0x0000000000000200                _Min_Heap_Size = 0x200
                0x0000000000000400                _Min_Stack_Size = 0x400

.isr_vector     0x0000000008000000      0x194
                0x0000000008000000                . = ALIGN (0x4)
 *(.isr_vector)
 .isr_vector    0x0000000008000000      0x194 ./Startup/startup_stm32f401retx.o
                0x0000000008000000                g_pfnVectors
                0x0000000008000194                . = ALIGN (0x4)

.text           0x00000000080001a0     0x4294
                0x00000000080001a0                . = ALIGN (0x4)
 *(.text)
 .text          0x00000000080001a0       0x40 c:/st/stm32cubeide_1.10.1/stm32cubeide/plugins/com.st.stm32cube.ide.mcu.externaltools.gnu-tools-for-stm32.10.3-2021.10.win32_1.0.0.202111181127/tools/bin/../lib/gcc/arm-none-eabi/10.3.1/thumb/v7e-m+fp/hard/crtbegin.o
 .text          0x00000000080001e0       0xa0 c:/st/stm32cubeide_1.10.1/stm32cubeide/plugins/com.st.stm32cube.ide.mcu.externaltools.gnu-tools-for-stm32.10.3-2021.10.win32_1.0.0.202111181127/tools/bin/../lib/gcc/arm-none-eabi/10.3.1/../../../../arm-none-eabi/lib/thumb/v7e-m+fp/hard\libc_nano.a(lib_a-memchr.o)
                0x00000000080001e0                memchr
 *(.text*)
 .text.I2C_InitMaster
                0x0000000008000280       0x94 ./Src/main.o
                0x0000000008000280                I2C_InitMaster
 .text.I2C_start
                0x0000000008000314       0x3c ./Src/main.o
 .text.I2C_Address_Direction
                0x0000000008000350       0x58 ./Src/main.o
 .text.I2C_Transmit_CMD
                0x00000000080003a8       0x38 ./Src/main.o
 .text.I2C_Stop
                0x00000000080003e0       0x14 ./Src/main.o
 .text.I2C_Receive_Ack
                0x00000000080003f4       0x40 ./Src/main.o
 .text.I2C_Receive_Nack
                0x0000000008000434       0x40 ./Src/main.o
 .text.TemHumSensor_readRegister
                0x0000000008000474       0x7a ./Src/main.o
 .text.TemHumSensor_getTemperature
                0x00000000080004ee       0x44 ./Src/main.o
 .text.TemHumSensor_getHumidity
                0x0000000008000532       0x42 ./Src/main.o
 .text.processGetValueSensor
                0x0000000008000574       0xa0 ./Src/main.o
                0x0000000008000574                processGetValueSensor
 .text.main     0x0000000008000614       0xb8 ./Src/main.o
                0x0000000008000614                main
 .text._sbrk    0x00000000080006cc       0x6c ./Src/sysmem.o
                0x00000000080006cc                _sbrk
 .text.Reset_Handler
                0x0000000008000738       0x50 ./Startup/startup_stm32f401retx.o
                0x0000000008000738                Reset_Handler
 .text.Default_Handler
                0x0000000008000788        0x2 ./Startup/startup_stm32f401retx.o
                0x0000000008000788                EXTI2_IRQHandler
                0x0000000008000788                DebugMon_Handler
                0x0000000008000788                SPI4_IRQHandler
                0x0000000008000788                TIM1_CC_IRQHandler
                0x0000000008000788                HardFault_Handler
                0x0000000008000788                SDIO_IRQHandler
                0x0000000008000788                TAMP_STAMP_IRQHandler
                0x0000000008000788                PendSV_Handler
                0x0000000008000788                NMI_Handler
                0x0000000008000788                EXTI3_IRQHandler
                0x0000000008000788                TIM1_UP_TIM10_IRQHandler
                0x0000000008000788                I2C3_ER_IRQHandler
                0x0000000008000788                EXTI18_OTG_FS_WKUP_IRQHandler
                0x0000000008000788                EXTI0_IRQHandler
                0x0000000008000788                I2C2_EV_IRQHandler
                0x0000000008000788                FPU_IRQHandler
                0x0000000008000788                UsageFault_Handler
                0x0000000008000788                SPI1_IRQHandler
                0x0000000008000788                TIM1_BRK_TIM9_IRQHandler
                0x0000000008000788                USART6_IRQHandler
                0x0000000008000788                TIM4_IRQHandler
                0x0000000008000788                I2C1_EV_IRQHandler
                0x0000000008000788                TIM3_IRQHandler
                0x0000000008000788                RCC_IRQHandler
                0x0000000008000788                Default_Handler
                0x0000000008000788                EXTI15_10_IRQHandler
                0x0000000008000788                ADC_IRQHandler
                0x0000000008000788                TIM5_IRQHandler
                0x0000000008000788                I2C3_EV_IRQHandler
                0x0000000008000788                EXTI9_5_IRQHandler
                0x0000000008000788                SPI2_IRQHandler
                0x0000000008000788                MemManage_Handler
                0x0000000008000788                SVC_Handler
                0x0000000008000788                EXTI4_IRQHandler
                0x0000000008000788                EXTI22_RTC_WKUP_IRQHandler
                0x0000000008000788                TIM2_IRQHandler
                0x0000000008000788                EXTI16_PVD_IRQHandler
                0x0000000008000788                TIM1_TRG_COM_TIM11_IRQHandler
                0x0000000008000788                EXTI1_IRQHandler
                0x0000000008000788                EXTI17_RTC_Alarm_IRQHandler
                0x0000000008000788                USART2_IRQHandler
                0x0000000008000788                I2C2_ER_IRQHandler
                0x0000000008000788                FLASH_IRQHandler
                0x0000000008000788                BusFault_Handler
                0x0000000008000788                USART1_IRQHandler
                0x0000000008000788                OTG_FS_IRQHandler
                0x0000000008000788                SPI3_IRQHandler
                0x0000000008000788                I2C1_ER_IRQHandler
 *fill*         0x000000000800078a        0x2 
 .text.SystemInit
                0x000000000800078c       0x6c D:\Lap Trinh\lap trinh\embedded\SDK_1.0.3_NUCLEO-F401RE\lib_stm\libLibraries.a(system_stm32f4xx.o)
                0x000000000800078c                SystemInit
 .text.SystemCoreClockUpdate
                0x00000000080007f8       0xf8 D:\Lap Trinh\lap trinh\embedded\SDK_1.0.3_NUCLEO-F401RE\lib_stm\libLibraries.a(system_stm32f4xx.o)
                0x00000000080007f8                SystemCoreClockUpdate
 .text.SetSysClock
                0x00000000080008f0       0xa0 D:\Lap Trinh\lap trinh\embedded\SDK_1.0.3_NUCLEO-F401RE\lib_stm\libLibraries.a(system_stm32f4xx.o)
 .text.GPIO_Init
                0x0000000008000990      0x11c D:\Lap Trinh\lap trinh\embedded\SDK_1.0.3_NUCLEO-F401RE\lib_stm\libLibraries.a(stm32f401re_gpio.o)
                0x0000000008000990                GPIO_Init
 .text.GPIO_WriteBit
                0x0000000008000aac       0x30 D:\Lap Trinh\lap trinh\embedded\SDK_1.0.3_NUCLEO-F401RE\lib_stm\libLibraries.a(stm32f401re_gpio.o)
                0x0000000008000aac                GPIO_WriteBit
 .text.GPIO_PinAFConfig
                0x0000000008000adc       0x92 D:\Lap Trinh\lap trinh\embedded\SDK_1.0.3_NUCLEO-F401RE\lib_stm\libLibraries.a(stm32f401re_gpio.o)
                0x0000000008000adc                GPIO_PinAFConfig
 *fill*         0x0000000008000b6e        0x2 
 .text.I2C_Init
                0x0000000008000b70      0x184 D:\Lap Trinh\lap trinh\embedded\SDK_1.0.3_NUCLEO-F401RE\lib_stm\libLibraries.a(stm32f401re_i2c.o)
                0x0000000008000b70                I2C_Init
 .text.I2C_Cmd  0x0000000008000cf4       0x40 D:\Lap Trinh\lap trinh\embedded\SDK_1.0.3_NUCLEO-F401RE\lib_stm\libLibraries.a(stm32f401re_i2c.o)
                0x0000000008000cf4                I2C_Cmd
 .text.I2C_GenerateSTART
                0x0000000008000d34       0x40 D:\Lap Trinh\lap trinh\embedded\SDK_1.0.3_NUCLEO-F401RE\lib_stm\libLibraries.a(stm32f401re_i2c.o)
                0x0000000008000d34                I2C_GenerateSTART
 .text.I2C_GenerateSTOP
                0x0000000008000d74       0x40 D:\Lap Trinh\lap trinh\embedded\SDK_1.0.3_NUCLEO-F401RE\lib_stm\libLibraries.a(stm32f401re_i2c.o)
                0x0000000008000d74                I2C_GenerateSTOP
 .text.I2C_Send7bitAddress
                0x0000000008000db4       0x3c D:\Lap Trinh\lap trinh\embedded\SDK_1.0.3_NUCLEO-F401RE\lib_stm\libLibraries.a(stm32f401re_i2c.o)
                0x0000000008000db4                I2C_Send7bitAddress
 .text.I2C_AcknowledgeConfig
                0x0000000008000df0       0x40 D:\Lap Trinh\lap trinh\embedded\SDK_1.0.3_NUCLEO-F401RE\lib_stm\libLibraries.a(stm32f401re_i2c.o)
                0x0000000008000df0                I2C_AcknowledgeConfig
 .text.I2C_SendData
                0x0000000008000e30       0x20 D:\Lap Trinh\lap trinh\embedded\SDK_1.0.3_NUCLEO-F401RE\lib_stm\libLibraries.a(stm32f401re_i2c.o)
                0x0000000008000e30                I2C_SendData
 .text.I2C_ReceiveData
                0x0000000008000e50       0x1c D:\Lap Trinh\lap trinh\embedded\SDK_1.0.3_NUCLEO-F401RE\lib_stm\libLibraries.a(stm32f401re_i2c.o)
                0x0000000008000e50                I2C_ReceiveData
 .text.I2C_CheckEvent
                0x0000000008000e6c       0x60 D:\Lap Trinh\lap trinh\embedded\SDK_1.0.3_NUCLEO-F401RE\lib_stm\libLibraries.a(stm32f401re_i2c.o)
                0x0000000008000e6c                I2C_CheckEvent
 .text.I2C_GetFlagStatus
                0x0000000008000ecc       0x66 D:\Lap Trinh\lap trinh\embedded\SDK_1.0.3_NUCLEO-F401RE\lib_stm\libLibraries.a(stm32f401re_i2c.o)
                0x0000000008000ecc                I2C_GetFlagStatus
 *fill*         0x0000000008000f32        0x2 
 .text.RCC_GetClocksFreq
                0x0000000008000f34      0x150 D:\Lap Trinh\lap trinh\embedded\SDK_1.0.3_NUCLEO-F401RE\lib_stm\libLibraries.a(stm32f401re_rcc.o)
                0x0000000008000f34                RCC_GetClocksFreq
 .text.RCC_AHB1PeriphClockCmd
                0x0000000008001084       0x40 D:\Lap Trinh\lap trinh\embedded\SDK_1.0.3_NUCLEO-F401RE\lib_stm\libLibraries.a(stm32f401re_rcc.o)
                0x0000000008001084                RCC_AHB1PeriphClockCmd
 .text.RCC_APB1PeriphClockCmd
                0x00000000080010c4       0x40 D:\Lap Trinh\lap trinh\embedded\SDK_1.0.3_NUCLEO-F401RE\lib_stm\libLibraries.a(stm32f401re_rcc.o)
                0x00000000080010c4                RCC_APB1PeriphClockCmd
 .text.NVIC_SetPriority
                0x0000000008001104       0x54 D:\Lap Trinh\lap trinh\embedded\SDK_1.0.3_NUCLEO-F401RE\lib_stm\libLibraries.a(timer.o)
 .text.SysTick_Config
                0x0000000008001158       0x44 D:\Lap Trinh\lap trinh\embedded\SDK_1.0.3_NUCLEO-F401RE\lib_stm\libLibraries.a(timer.o)
 .text.TimerInit
                0x000000000800119c       0x44 D:\Lap Trinh\lap trinh\embedded\SDK_1.0.3_NUCLEO-F401RE\lib_stm\libLibraries.a(timer.o)
                0x000000000800119c                TimerInit
 .text.TimerStart
                0x00000000080011e0       0xc4 D:\Lap Trinh\lap trinh\embedded\SDK_1.0.3_NUCLEO-F401RE\lib_stm\libLibraries.a(timer.o)
                0x00000000080011e0                TimerStart
 .text.TimerStop
                0x00000000080012a4       0xa0 D:\Lap Trinh\lap trinh\embedded\SDK_1.0.3_NUCLEO-F401RE\lib_stm\libLibraries.a(timer.o)
                0x00000000080012a4                TimerStop
 .text.GetMilSecTick
                0x0000000008001344       0x18 D:\Lap Trinh\lap trinh\embedded\SDK_1.0.3_NUCLEO-F401RE\lib_stm\libLibraries.a(timer.o)
                0x0000000008001344                GetMilSecTick
 .text.processTimerScheduler
                0x000000000800135c       0xf0 D:\Lap Trinh\lap trinh\embedded\SDK_1.0.3_NUCLEO-F401RE\lib_stm\libLibraries.a(timer.o)
                0x000000000800135c                processTimerScheduler
 .text.TimeExpired
                0x000000000800144c       0xcc D:\Lap Trinh\lap trinh\embedded\SDK_1.0.3_NUCLEO-F401RE\lib_stm\libLibraries.a(timer.o)
 .text.SysTick_Handler
                0x0000000008001518       0x1c D:\Lap Trinh\lap trinh\embedded\SDK_1.0.3_NUCLEO-F401RE\lib_stm\libLibraries.a(timer.o)
                0x0000000008001518                SysTick_Handler
 .text.delayMicroseconds
                0x0000000008001534       0x14 D:\Lap Trinh\lap trinh\embedded\SDK_1.0.3_NUCLEO-F401RE\lib_stm\libLibraries.a(Ucglib.o)
 .text.ucg_gpio_init
                0x0000000008001548       0x60 D:\Lap Trinh\lap trinh\embedded\SDK_1.0.3_NUCLEO-F401RE\lib_stm\libLibraries.a(Ucglib.o)
 .text.ucg_com_arduino_send_generic_SW_SPI
                0x00000000080015a8       0x74 D:\Lap Trinh\lap trinh\embedded\SDK_1.0.3_NUCLEO-F401RE\lib_stm\libLibraries.a(Ucglib.o)
 .text.ucg_com_arduino_generic_SW_SPI
                0x000000000800161c      0x1ec D:\Lap Trinh\lap trinh\embedded\SDK_1.0.3_NUCLEO-F401RE\lib_stm\libLibraries.a(Ucglib.o)
 .text.Ucglib4WireSWSPI_begin
                0x0000000008001808       0x38 D:\Lap Trinh\lap trinh\embedded\SDK_1.0.3_NUCLEO-F401RE\lib_stm\libLibraries.a(Ucglib.o)
                0x0000000008001808                Ucglib4WireSWSPI_begin
 .text.ucg_DrawBox
                0x0000000008001840       0x56 D:\Lap Trinh\lap trinh\embedded\SDK_1.0.3_NUCLEO-F401RE\lib_stm\libLibraries.a(ucg_box.o)
                0x0000000008001840                ucg_DrawBox
 .text.ucg_ClearScreen
                0x0000000008001896       0x50 D:\Lap Trinh\lap trinh\embedded\SDK_1.0.3_NUCLEO-F401RE\lib_stm\libLibraries.a(ucg_box.o)
                0x0000000008001896                ucg_ClearScreen
 .text.ucg_ccs_init
                0x00000000080018e6       0xc0 D:\Lap Trinh\lap trinh\embedded\SDK_1.0.3_NUCLEO-F401RE\lib_stm\libLibraries.a(ucg_ccs.o)
                0x00000000080018e6                ucg_ccs_init
 .text.ucg_ccs_step
                0x00000000080019a6       0x80 D:\Lap Trinh\lap trinh\embedded\SDK_1.0.3_NUCLEO-F401RE\lib_stm\libLibraries.a(ucg_ccs.o)
                0x00000000080019a6                ucg_ccs_step
 .text.ucg_ccs_seek
                0x0000000008001a26       0xca D:\Lap Trinh\lap trinh\embedded\SDK_1.0.3_NUCLEO-F401RE\lib_stm\libLibraries.a(ucg_ccs.o)
                0x0000000008001a26                ucg_ccs_seek
 .text.ucg_dev_default_cb
                0x0000000008001af0       0x44 D:\Lap Trinh\lap trinh\embedded\SDK_1.0.3_NUCLEO-F401RE\lib_stm\libLibraries.a(ucg_dev_default_cb.o)
                0x0000000008001af0                ucg_dev_default_cb
 .text.ucg_ext_none
                0x0000000008001b34       0x1c D:\Lap Trinh\lap trinh\embedded\SDK_1.0.3_NUCLEO-F401RE\lib_stm\libLibraries.a(ucg_dev_default_cb.o)
                0x0000000008001b34                ucg_ext_none
 .text.ucg_handle_st7735_l90fx
                0x0000000008001b50       0xd8 D:\Lap Trinh\lap trinh\embedded\SDK_1.0.3_NUCLEO-F401RE\lib_stm\libLibraries.a(ucg_dev_ic_st7735.o)
                0x0000000008001b50                ucg_handle_st7735_l90fx
 .text.ucg_handle_st7735_l90se
                0x0000000008001c28      0x154 D:\Lap Trinh\lap trinh\embedded\SDK_1.0.3_NUCLEO-F401RE\lib_stm\libLibraries.a(ucg_dev_ic_st7735.o)
                0x0000000008001c28                ucg_handle_st7735_l90se
 .text.ucg_dev_ic_st7735_18
                0x0000000008001d7c       0xf8 D:\Lap Trinh\lap trinh\embedded\SDK_1.0.3_NUCLEO-F401RE\lib_stm\libLibraries.a(ucg_dev_ic_st7735.o)
                0x0000000008001d7c                ucg_dev_ic_st7735_18
 .text.ucg_ext_st7735_18
                0x0000000008001e74       0x28 D:\Lap Trinh\lap trinh\embedded\SDK_1.0.3_NUCLEO-F401RE\lib_stm\libLibraries.a(ucg_dev_ic_st7735.o)
                0x0000000008001e74                ucg_ext_st7735_18
 .text.ucg_PowerDown
                0x0000000008001e9c       0x34 D:\Lap Trinh\lap trinh\embedded\SDK_1.0.3_NUCLEO-F401RE\lib_stm\libLibraries.a(ucg_dev_msg_api.o)
                0x0000000008001e9c                ucg_PowerDown
 .text.ucg_PowerUp
                0x0000000008001ed0       0x3c D:\Lap Trinh\lap trinh\embedded\SDK_1.0.3_NUCLEO-F401RE\lib_stm\libLibraries.a(ucg_dev_msg_api.o)
                0x0000000008001ed0                ucg_PowerUp
 .text.ucg_SetClipBox
                0x0000000008001f0c       0x1e D:\Lap Trinh\lap trinh\embedded\SDK_1.0.3_NUCLEO-F401RE\lib_stm\libLibraries.a(ucg_dev_msg_api.o)
                0x0000000008001f0c                ucg_SetClipBox
 .text.ucg_SetMaxClipRange
                0x0000000008001f2a       0x30 D:\Lap Trinh\lap trinh\embedded\SDK_1.0.3_NUCLEO-F401RE\lib_stm\libLibraries.a(ucg_dev_msg_api.o)
                0x0000000008001f2a                ucg_SetMaxClipRange
 .text.ucg_GetDimension
                0x0000000008001f5a       0x24 D:\Lap Trinh\lap trinh\embedded\SDK_1.0.3_NUCLEO-F401RE\lib_stm\libLibraries.a(ucg_dev_msg_api.o)
                0x0000000008001f5a                ucg_GetDimension
 .text.ucg_DrawL90FXWithArg
                0x0000000008001f7e       0x1e D:\Lap Trinh\lap trinh\embedded\SDK_1.0.3_NUCLEO-F401RE\lib_stm\libLibraries.a(ucg_dev_msg_api.o)
                0x0000000008001f7e                ucg_DrawL90FXWithArg
 .text.ucg_dev_st7735_18x128x128
                0x0000000008001f9c       0x80 D:\Lap Trinh\lap trinh\embedded\SDK_1.0.3_NUCLEO-F401RE\lib_stm\libLibraries.a(ucg_dev_tft_128x128_st7735.o)
                0x0000000008001f9c                ucg_dev_st7735_18x128x128
 .text.ucg_font_get_byte
                0x000000000800201c       0x24 D:\Lap Trinh\lap trinh\embedded\SDK_1.0.3_NUCLEO-F401RE\lib_stm\libLibraries.a(ucg_font.o)
 .text.ucg_font_get_word
                0x0000000008002040       0x40 D:\Lap Trinh\lap trinh\embedded\SDK_1.0.3_NUCLEO-F401RE\lib_stm\libLibraries.a(ucg_font.o)
 .text.ucg_read_font_info
                0x0000000008002080      0x142 D:\Lap Trinh\lap trinh\embedded\SDK_1.0.3_NUCLEO-F401RE\lib_stm\libLibraries.a(ucg_font.o)
                0x0000000008002080                ucg_read_font_info
 .text.ucg_font_decode_get_unsigned_bits
                0x00000000080021c2       0x96 D:\Lap Trinh\lap trinh\embedded\SDK_1.0.3_NUCLEO-F401RE\lib_stm\libLibraries.a(ucg_font.o)
                0x00000000080021c2                ucg_font_decode_get_unsigned_bits
 .text.ucg_font_decode_get_signed_bits
                0x0000000008002258       0x46 D:\Lap Trinh\lap trinh\embedded\SDK_1.0.3_NUCLEO-F401RE\lib_stm\libLibraries.a(ucg_font.o)
                0x0000000008002258                ucg_font_decode_get_signed_bits
 .text.ucg_add_vector_y
                0x000000000800229e       0x7a D:\Lap Trinh\lap trinh\embedded\SDK_1.0.3_NUCLEO-F401RE\lib_stm\libLibraries.a(ucg_font.o)
 .text.ucg_add_vector_x
                0x0000000008002318       0x7a D:\Lap Trinh\lap trinh\embedded\SDK_1.0.3_NUCLEO-F401RE\lib_stm\libLibraries.a(ucg_font.o)
 .text.ucg_font_decode_len
                0x0000000008002392      0x118 D:\Lap Trinh\lap trinh\embedded\SDK_1.0.3_NUCLEO-F401RE\lib_stm\libLibraries.a(ucg_font.o)
                0x0000000008002392                ucg_font_decode_len
 .text.ucg_font_setup_decode
                0x00000000080024aa       0x64 D:\Lap Trinh\lap trinh\embedded\SDK_1.0.3_NUCLEO-F401RE\lib_stm\libLibraries.a(ucg_font.o)
 .text.ucg_font_decode_glyph
                0x000000000800250e      0x14c D:\Lap Trinh\lap trinh\embedded\SDK_1.0.3_NUCLEO-F401RE\lib_stm\libLibraries.a(ucg_font.o)
                0x000000000800250e                ucg_font_decode_glyph
 .text.ucg_font_get_glyph_data
                0x000000000800265a       0x7a D:\Lap Trinh\lap trinh\embedded\SDK_1.0.3_NUCLEO-F401RE\lib_stm\libLibraries.a(ucg_font.o)
                0x000000000800265a                ucg_font_get_glyph_data
 .text.ucg_font_draw_glyph
                0x00000000080026d4       0x62 D:\Lap Trinh\lap trinh\embedded\SDK_1.0.3_NUCLEO-F401RE\lib_stm\libLibraries.a(ucg_font.o)
                0x00000000080026d4                ucg_font_draw_glyph
 .text.ucg_SetFontMode
                0x0000000008002736       0x20 D:\Lap Trinh\lap trinh\embedded\SDK_1.0.3_NUCLEO-F401RE\lib_stm\libLibraries.a(ucg_font.o)
                0x0000000008002736                ucg_SetFontMode
 *fill*         0x0000000008002756        0x2 
 .text.ucg_DrawGlyph
                0x0000000008002758       0xb0 D:\Lap Trinh\lap trinh\embedded\SDK_1.0.3_NUCLEO-F401RE\lib_stm\libLibraries.a(ucg_font.o)
                0x0000000008002758                ucg_DrawGlyph
 .text.task_drawString
                0x0000000008002808      0x138 D:\Lap Trinh\lap trinh\embedded\SDK_1.0.3_NUCLEO-F401RE\lib_stm\libLibraries.a(ucg_font.o)
                0x0000000008002808                task_drawString
 .text.ucg_DrawString
                0x0000000008002940       0x78 D:\Lap Trinh\lap trinh\embedded\SDK_1.0.3_NUCLEO-F401RE\lib_stm\libLibraries.a(ucg_font.o)
                0x0000000008002940                ucg_DrawString
 .text.ucg_UpdateRefHeight
                0x00000000080029b8       0xd8 D:\Lap Trinh\lap trinh\embedded\SDK_1.0.3_NUCLEO-F401RE\lib_stm\libLibraries.a(ucg_font.o)
                0x00000000080029b8                ucg_UpdateRefHeight
 .text.ucg_font_calc_vref_font
                0x0000000008002a90       0x16 D:\Lap Trinh\lap trinh\embedded\SDK_1.0.3_NUCLEO-F401RE\lib_stm\libLibraries.a(ucg_font.o)
                0x0000000008002a90                ucg_font_calc_vref_font
 *fill*         0x0000000008002aa6        0x2 
 .text.ucg_SetFontPosBaseline
                0x0000000008002aa8       0x20 D:\Lap Trinh\lap trinh\embedded\SDK_1.0.3_NUCLEO-F401RE\lib_stm\libLibraries.a(ucg_font.o)
                0x0000000008002aa8                ucg_SetFontPosBaseline
 .text.ucg_SetFont
                0x0000000008002ac8       0x4c D:\Lap Trinh\lap trinh\embedded\SDK_1.0.3_NUCLEO-F401RE\lib_stm\libLibraries.a(ucg_font.o)
                0x0000000008002ac8                ucg_SetFont
 .text.ucg_init_struct
                0x0000000008002b14       0x50 D:\Lap Trinh\lap trinh\embedded\SDK_1.0.3_NUCLEO-F401RE\lib_stm\libLibraries.a(ucg_init.o)
                0x0000000008002b14                ucg_init_struct
 .text.ucg_Init
                0x0000000008002b64       0x5c D:\Lap Trinh\lap trinh\embedded\SDK_1.0.3_NUCLEO-F401RE\lib_stm\libLibraries.a(ucg_init.o)
                0x0000000008002b64                ucg_Init
 .text.ucg_Draw90Line
                0x0000000008002bc0       0x88 D:\Lap Trinh\lap trinh\embedded\SDK_1.0.3_NUCLEO-F401RE\lib_stm\libLibraries.a(ucg_line.o)
                0x0000000008002bc0                ucg_Draw90Line
 .text.ucg_DrawHLine
                0x0000000008002c48       0x3e D:\Lap Trinh\lap trinh\embedded\SDK_1.0.3_NUCLEO-F401RE\lib_stm\libLibraries.a(ucg_line.o)
                0x0000000008002c48                ucg_DrawHLine
 .text.ucg_SetColor
                0x0000000008002c86       0x5c D:\Lap Trinh\lap trinh\embedded\SDK_1.0.3_NUCLEO-F401RE\lib_stm\libLibraries.a(ucg_pixel.o)
                0x0000000008002c86                ucg_SetColor
 .text.ucg_UndoRotate
                0x0000000008002ce2       0x32 D:\Lap Trinh\lap trinh\embedded\SDK_1.0.3_NUCLEO-F401RE\lib_stm\libLibraries.a(ucg_rotate.o)
                0x0000000008002ce2                ucg_UndoRotate
 .text.ucg_rotate_180_xy
                0x0000000008002d14       0x66 D:\Lap Trinh\lap trinh\embedded\SDK_1.0.3_NUCLEO-F401RE\lib_stm\libLibraries.a(ucg_rotate.o)
 *fill*         0x0000000008002d7a        0x2 
 .text.ucg_dev_rotate180
                0x0000000008002d7c      0x100 D:\Lap Trinh\lap trinh\embedded\SDK_1.0.3_NUCLEO-F401RE\lib_stm\libLibraries.a(ucg_rotate.o)
                0x0000000008002d7c                ucg_dev_rotate180
 .text.ucg_SetRotate180
                0x0000000008002e7c       0x34 D:\Lap Trinh\lap trinh\embedded\SDK_1.0.3_NUCLEO-F401RE\lib_stm\libLibraries.a(ucg_rotate.o)
                0x0000000008002e7c                ucg_SetRotate180
 .text.bufInit  0x0000000008002eb0       0x36 D:\Lap Trinh\lap trinh\embedded\SDK_1.0.3_NUCLEO-F401RE\lib_stm\libLibraries.a(buff.o)
                0x0000000008002eb0                bufInit
 .text.bufNumItems
                0x0000000008002ee6       0x18 D:\Lap Trinh\lap trinh\embedded\SDK_1.0.3_NUCLEO-F401RE\lib_stm\libLibraries.a(buff.o)
                0x0000000008002ee6                bufNumItems
 .text.bufIsFull
                0x0000000008002efe       0x26 D:\Lap Trinh\lap trinh\embedded\SDK_1.0.3_NUCLEO-F401RE\lib_stm\libLibraries.a(buff.o)
                0x0000000008002efe                bufIsFull
 .text.bufIsEmpty
                0x0000000008002f24       0x26 D:\Lap Trinh\lap trinh\embedded\SDK_1.0.3_NUCLEO-F401RE\lib_stm\libLibraries.a(buff.o)
                0x0000000008002f24                bufIsEmpty
 .text.bufFlush
                0x0000000008002f4a       0x32 D:\Lap Trinh\lap trinh\embedded\SDK_1.0.3_NUCLEO-F401RE\lib_stm\libLibraries.a(buff.o)
                0x0000000008002f4a                bufFlush
 .text.bufEnDat
                0x0000000008002f7c       0x9c D:\Lap Trinh\lap trinh\embedded\SDK_1.0.3_NUCLEO-F401RE\lib_stm\libLibraries.a(buff.o)
                0x0000000008002f7c                bufEnDat
 .text.bufDeDat
                0x0000000008003018       0x84 D:\Lap Trinh\lap trinh\embedded\SDK_1.0.3_NUCLEO-F401RE\lib_stm\libLibraries.a(buff.o)
                0x0000000008003018                bufDeDat
 .text.memsetl  0x000000000800309c       0x32 D:\Lap Trinh\lap trinh\embedded\SDK_1.0.3_NUCLEO-F401RE\lib_stm\libLibraries.a(utilities.o)
                0x000000000800309c                memsetl
 .text.ucg_clip_is_x_visible
                0x00000000080030ce       0x4a D:\Lap Trinh\lap trinh\embedded\SDK_1.0.3_NUCLEO-F401RE\lib_stm\libLibraries.a(ucg_clip.o)
 .text.ucg_clip_is_y_visible
                0x0000000008003118       0x4a D:\Lap Trinh\lap trinh\embedded\SDK_1.0.3_NUCLEO-F401RE\lib_stm\libLibraries.a(ucg_clip.o)
 .text.ucg_clip_intersection
                0x0000000008003162       0x74 D:\Lap Trinh\lap trinh\embedded\SDK_1.0.3_NUCLEO-F401RE\lib_stm\libLibraries.a(ucg_clip.o)
 .text.ucg_clip_is_pixel_visible
                0x00000000080031d6       0x32 D:\Lap Trinh\lap trinh\embedded\SDK_1.0.3_NUCLEO-F401RE\lib_stm\libLibraries.a(ucg_clip.o)
                0x00000000080031d6                ucg_clip_is_pixel_visible
 .text.ucg_clip_l90fx
                0x0000000008003208      0x300 D:\Lap Trinh\lap trinh\embedded\SDK_1.0.3_NUCLEO-F401RE\lib_stm\libLibraries.a(ucg_clip.o)
                0x0000000008003208                ucg_clip_l90fx
 .text.ucg_clip_l90se
                0x0000000008003508       0x54 D:\Lap Trinh\lap trinh\embedded\SDK_1.0.3_NUCLEO-F401RE\lib_stm\libLibraries.a(ucg_clip.o)
                0x0000000008003508                ucg_clip_l90se
 .text.ucg_com_PowerDown
                0x000000000800355c       0x3e D:\Lap Trinh\lap trinh\embedded\SDK_1.0.3_NUCLEO-F401RE\lib_stm\libLibraries.a(ucg_com_msg_api.o)
                0x000000000800355c                ucg_com_PowerDown
 .text.ucg_com_PowerUp
                0x000000000800359a       0x60 D:\Lap Trinh\lap trinh\embedded\SDK_1.0.3_NUCLEO-F401RE\lib_stm\libLibraries.a(ucg_com_msg_api.o)
                0x000000000800359a                ucg_com_PowerUp
 .text.ucg_com_SetLineStatus
                0x00000000080035fa       0xe2 D:\Lap Trinh\lap trinh\embedded\SDK_1.0.3_NUCLEO-F401RE\lib_stm\libLibraries.a(ucg_com_msg_api.o)
                0x00000000080035fa                ucg_com_SetLineStatus
 .text.ucg_com_SetResetLineStatus
                0x00000000080036dc       0x20 D:\Lap Trinh\lap trinh\embedded\SDK_1.0.3_NUCLEO-F401RE\lib_stm\libLibraries.a(ucg_com_msg_api.o)
                0x00000000080036dc                ucg_com_SetResetLineStatus
 .text.ucg_com_SetCSLineStatus
                0x00000000080036fc       0x20 D:\Lap Trinh\lap trinh\embedded\SDK_1.0.3_NUCLEO-F401RE\lib_stm\libLibraries.a(ucg_com_msg_api.o)
                0x00000000080036fc                ucg_com_SetCSLineStatus
 .text.ucg_com_SetCDLineStatus
                0x000000000800371c       0x20 D:\Lap Trinh\lap trinh\embedded\SDK_1.0.3_NUCLEO-F401RE\lib_stm\libLibraries.a(ucg_com_msg_api.o)
                0x000000000800371c                ucg_com_SetCDLineStatus
 .text.ucg_com_DelayMicroseconds
                0x000000000800373c       0x22 D:\Lap Trinh\lap trinh\embedded\SDK_1.0.3_NUCLEO-F401RE\lib_stm\libLibraries.a(ucg_com_msg_api.o)
                0x000000000800373c                ucg_com_DelayMicroseconds
 .text.ucg_com_DelayMilliseconds
                0x000000000800375e       0x2c D:\Lap Trinh\lap trinh\embedded\SDK_1.0.3_NUCLEO-F401RE\lib_stm\libLibraries.a(ucg_com_msg_api.o)
                0x000000000800375e                ucg_com_DelayMilliseconds
 .text.ucg_com_SendByte
                0x000000000800378a       0x24 D:\Lap Trinh\lap trinh\embedded\SDK_1.0.3_NUCLEO-F401RE\lib_stm\libLibraries.a(ucg_com_msg_api.o)
                0x000000000800378a                ucg_com_SendByte
 .text.ucg_com_SendStringP
                0x00000000080037ae       0x40 D:\Lap Trinh\lap trinh\embedded\SDK_1.0.3_NUCLEO-F401RE\lib_stm\libLibraries.a(ucg_com_msg_api.o)
                0x00000000080037ae                ucg_com_SendStringP
 .text.ucg_com_SendCmdArg
                0x00000000080037ee       0x74 D:\Lap Trinh\lap trinh\embedded\SDK_1.0.3_NUCLEO-F401RE\lib_stm\libLibraries.a(ucg_com_msg_api.o)
 *fill*         0x0000000008003862        0x2 
 .text.ucg_com_SendCmdSeq
                0x0000000008003864      0x278 D:\Lap Trinh\lap trinh\embedded\SDK_1.0.3_NUCLEO-F401RE\lib_stm\libLibraries.a(ucg_com_msg_api.o)
                0x0000000008003864                ucg_com_SendCmdSeq
 .text.__errno  0x0000000008003adc        0xc c:/st/stm32cubeide_1.10.1/stm32cubeide/plugins/com.st.stm32cube.ide.mcu.externaltools.gnu-tools-for-stm32.10.3-2021.10.win32_1.0.0.202111181127/tools/bin/../lib/gcc/arm-none-eabi/10.3.1/../../../../arm-none-eabi/lib/thumb/v7e-m+fp/hard\libc_nano.a(lib_a-errno.o)
                0x0000000008003adc                __errno
 .text.__libc_init_array
                0x0000000008003ae8       0x48 c:/st/stm32cubeide_1.10.1/stm32cubeide/plugins/com.st.stm32cube.ide.mcu.externaltools.gnu-tools-for-stm32.10.3-2021.10.win32_1.0.0.202111181127/tools/bin/../lib/gcc/arm-none-eabi/10.3.1/../../../../arm-none-eabi/lib/thumb/v7e-m+fp/hard\libc_nano.a(lib_a-init.o)
                0x0000000008003ae8                __libc_init_array
 .text.memset   0x0000000008003b30       0x10 c:/st/stm32cubeide_1.10.1/stm32cubeide/plugins/com.st.stm32cube.ide.mcu.externaltools.gnu-tools-for-stm32.10.3-2021.10.win32_1.0.0.202111181127/tools/bin/../lib/gcc/arm-none-eabi/10.3.1/../../../../arm-none-eabi/lib/thumb/v7e-m+fp/hard\libc_nano.a(lib_a-memset.o)
                0x0000000008003b30                memset
 .text.sprintf  0x0000000008003b40       0x40 c:/st/stm32cubeide_1.10.1/stm32cubeide/plugins/com.st.stm32cube.ide.mcu.externaltools.gnu-tools-for-stm32.10.3-2021.10.win32_1.0.0.202111181127/tools/bin/../lib/gcc/arm-none-eabi/10.3.1/../../../../arm-none-eabi/lib/thumb/v7e-m+fp/hard\libc_nano.a(lib_a-sprintf.o)
                0x0000000008003b40                siprintf
                0x0000000008003b40                sprintf
 .text.__ssputs_r
                0x0000000008003b80       0xb6 c:/st/stm32cubeide_1.10.1/stm32cubeide/plugins/com.st.stm32cube.ide.mcu.externaltools.gnu-tools-for-stm32.10.3-2021.10.win32_1.0.0.202111181127/tools/bin/../lib/gcc/arm-none-eabi/10.3.1/../../../../arm-none-eabi/lib/thumb/v7e-m+fp/hard\libc_nano.a(lib_a-nano-svfprintf.o)
                0x0000000008003b80                __ssputs_r
 *fill*         0x0000000008003c36        0x2 
 .text._svfprintf_r
                0x0000000008003c38      0x200 c:/st/stm32cubeide_1.10.1/stm32cubeide/plugins/com.st.stm32cube.ide.mcu.externaltools.gnu-tools-for-stm32.10.3-2021.10.win32_1.0.0.202111181127/tools/bin/../lib/gcc/arm-none-eabi/10.3.1/../../../../arm-none-eabi/lib/thumb/v7e-m+fp/hard\libc_nano.a(lib_a-nano-svfprintf.o)
                0x0000000008003c38                _svfiprintf_r
                0x0000000008003c38                _svfprintf_r
 .text._printf_common
                0x0000000008003e38       0xda c:/st/stm32cubeide_1.10.1/stm32cubeide/plugins/com.st.stm32cube.ide.mcu.externaltools.gnu-tools-for-stm32.10.3-2021.10.win32_1.0.0.202111181127/tools/bin/../lib/gcc/arm-none-eabi/10.3.1/../../../../arm-none-eabi/lib/thumb/v7e-m+fp/hard\libc_nano.a(lib_a-nano-vfprintf_i.o)
                0x0000000008003e38                _printf_common
 *fill*         0x0000000008003f12        0x2 
 .text._printf_i
                0x0000000008003f14      0x24c c:/st/stm32cubeide_1.10.1/stm32cubeide/plugins/com.st.stm32cube.ide.mcu.externaltools.gnu-tools-for-stm32.10.3-2021.10.win32_1.0.0.202111181127/tools/bin/../lib/gcc/arm-none-eabi/10.3.1/../../../../arm-none-eabi/lib/thumb/v7e-m+fp/hard\libc_nano.a(lib_a-nano-vfprintf_i.o)
                0x0000000008003f14                _printf_i
 .text.memcpy   0x0000000008004160       0x1c c:/st/stm32cubeide_1.10.1/stm32cubeide/plugins/com.st.stm32cube.ide.mcu.externaltools.gnu-tools-for-stm32.10.3-2021.10.win32_1.0.0.202111181127/tools/bin/../lib/gcc/arm-none-eabi/10.3.1/../../../../arm-none-eabi/lib/thumb/v7e-m+fp/hard\libc_nano.a(lib_a-memcpy-stub.o)
                0x0000000008004160                memcpy
 .text.memmove  0x000000000800417c       0x34 c:/st/stm32cubeide_1.10.1/stm32cubeide/plugins/com.st.stm32cube.ide.mcu.externaltools.gnu-tools-for-stm32.10.3-2021.10.win32_1.0.0.202111181127/tools/bin/../lib/gcc/arm-none-eabi/10.3.1/../../../../arm-none-eabi/lib/thumb/v7e-m+fp/hard\libc_nano.a(lib_a-memmove.o)
                0x000000000800417c                memmove
 .text._free_r  0x00000000080041b0       0x98 c:/st/stm32cubeide_1.10.1/stm32cubeide/plugins/com.st.stm32cube.ide.mcu.externaltools.gnu-tools-for-stm32.10.3-2021.10.win32_1.0.0.202111181127/tools/bin/../lib/gcc/arm-none-eabi/10.3.1/../../../../arm-none-eabi/lib/thumb/v7e-m+fp/hard\libc_nano.a(lib_a-nano-freer.o)
                0x00000000080041b0                _free_r
 .text.sbrk_aligned
                0x0000000008004248       0x40 c:/st/stm32cubeide_1.10.1/stm32cubeide/plugins/com.st.stm32cube.ide.mcu.externaltools.gnu-tools-for-stm32.10.3-2021.10.win32_1.0.0.202111181127/tools/bin/../lib/gcc/arm-none-eabi/10.3.1/../../../../arm-none-eabi/lib/thumb/v7e-m+fp/hard\libc_nano.a(lib_a-nano-mallocr.o)
 .text._malloc_r
                0x0000000008004288       0xe8 c:/st/stm32cubeide_1.10.1/stm32cubeide/plugins/com.st.stm32cube.ide.mcu.externaltools.gnu-tools-for-stm32.10.3-2021.10.win32_1.0.0.202111181127/tools/bin/../lib/gcc/arm-none-eabi/10.3.1/../../../../arm-none-eabi/lib/thumb/v7e-m+fp/hard\libc_nano.a(lib_a-nano-mallocr.o)
                0x0000000008004288                _malloc_r
 .text._realloc_r
                0x0000000008004370       0x5e c:/st/stm32cubeide_1.10.1/stm32cubeide/plugins/com.st.stm32cube.ide.mcu.externaltools.gnu-tools-for-stm32.10.3-2021.10.win32_1.0.0.202111181127/tools/bin/../lib/gcc/arm-none-eabi/10.3.1/../../../../arm-none-eabi/lib/thumb/v7e-m+fp/hard\libc_nano.a(lib_a-nano-reallocr.o)
                0x0000000008004370                _realloc_r
 *fill*         0x00000000080043ce        0x2 
 .text._sbrk_r  0x00000000080043d0       0x20 c:/st/stm32cubeide_1.10.1/stm32cubeide/plugins/com.st.stm32cube.ide.mcu.externaltools.gnu-tools-for-stm32.10.3-2021.10.win32_1.0.0.202111181127/tools/bin/../lib/gcc/arm-none-eabi/10.3.1/../../../../arm-none-eabi/lib/thumb/v7e-m+fp/hard\libc_nano.a(lib_a-sbrkr.o)
                0x00000000080043d0                _sbrk_r
 .text.__malloc_lock
                0x00000000080043f0        0xc c:/st/stm32cubeide_1.10.1/stm32cubeide/plugins/com.st.stm32cube.ide.mcu.externaltools.gnu-tools-for-stm32.10.3-2021.10.win32_1.0.0.202111181127/tools/bin/../lib/gcc/arm-none-eabi/10.3.1/../../../../arm-none-eabi/lib/thumb/v7e-m+fp/hard\libc_nano.a(lib_a-mlock.o)
                0x00000000080043f0                __malloc_lock
 .text.__malloc_unlock
                0x00000000080043fc        0xc c:/st/stm32cubeide_1.10.1/stm32cubeide/plugins/com.st.stm32cube.ide.mcu.externaltools.gnu-tools-for-stm32.10.3-2021.10.win32_1.0.0.202111181127/tools/bin/../lib/gcc/arm-none-eabi/10.3.1/../../../../arm-none-eabi/lib/thumb/v7e-m+fp/hard\libc_nano.a(lib_a-mlock.o)
                0x00000000080043fc                __malloc_unlock
 .text._malloc_usable_size_r
                0x0000000008004408       0x10 c:/st/stm32cubeide_1.10.1/stm32cubeide/plugins/com.st.stm32cube.ide.mcu.externaltools.gnu-tools-for-stm32.10.3-2021.10.win32_1.0.0.202111181127/tools/bin/../lib/gcc/arm-none-eabi/10.3.1/../../../../arm-none-eabi/lib/thumb/v7e-m+fp/hard\libc_nano.a(lib_a-nano-msizer.o)
                0x0000000008004408                _malloc_usable_size_r
 .text.__retarget_lock_acquire_recursive
                0x0000000008004418        0x2 c:/st/stm32cubeide_1.10.1/stm32cubeide/plugins/com.st.stm32cube.ide.mcu.externaltools.gnu-tools-for-stm32.10.3-2021.10.win32_1.0.0.202111181127/tools/bin/../lib/gcc/arm-none-eabi/10.3.1/../../../../arm-none-eabi/lib/thumb/v7e-m+fp/hard\libc_nano.a(lib_a-lock.o)
                0x0000000008004418                __retarget_lock_acquire_recursive
 .text.__retarget_lock_release_recursive
                0x000000000800441a        0x2 c:/st/stm32cubeide_1.10.1/stm32cubeide/plugins/com.st.stm32cube.ide.mcu.externaltools.gnu-tools-for-stm32.10.3-2021.10.win32_1.0.0.202111181127/tools/bin/../lib/gcc/arm-none-eabi/10.3.1/../../../../arm-none-eabi/lib/thumb/v7e-m+fp/hard\libc_nano.a(lib_a-lock.o)
                0x000000000800441a                __retarget_lock_release_recursive
 *(.glue_7)
 .glue_7        0x000000000800441c        0x0 linker stubs
 *(.glue_7t)
 .glue_7t       0x000000000800441c        0x0 linker stubs
 *(.eh_frame)
 .eh_frame      0x000000000800441c        0x0 c:/st/stm32cubeide_1.10.1/stm32cubeide/plugins/com.st.stm32cube.ide.mcu.externaltools.gnu-tools-for-stm32.10.3-2021.10.win32_1.0.0.202111181127/tools/bin/../lib/gcc/arm-none-eabi/10.3.1/thumb/v7e-m+fp/hard/crtbegin.o
 *(.init)
 .init          0x000000000800441c        0x4 c:/st/stm32cubeide_1.10.1/stm32cubeide/plugins/com.st.stm32cube.ide.mcu.externaltools.gnu-tools-for-stm32.10.3-2021.10.win32_1.0.0.202111181127/tools/bin/../lib/gcc/arm-none-eabi/10.3.1/thumb/v7e-m+fp/hard/crti.o
                0x000000000800441c                _init
 .init          0x0000000008004420        0x8 c:/st/stm32cubeide_1.10.1/stm32cubeide/plugins/com.st.stm32cube.ide.mcu.externaltools.gnu-tools-for-stm32.10.3-2021.10.win32_1.0.0.202111181127/tools/bin/../lib/gcc/arm-none-eabi/10.3.1/thumb/v7e-m+fp/hard/crtn.o
 *(.fini)
 .fini          0x0000000008004428        0x4 c:/st/stm32cubeide_1.10.1/stm32cubeide/plugins/com.st.stm32cube.ide.mcu.externaltools.gnu-tools-for-stm32.10.3-2021.10.win32_1.0.0.202111181127/tools/bin/../lib/gcc/arm-none-eabi/10.3.1/thumb/v7e-m+fp/hard/crti.o
                0x0000000008004428                _fini
 .fini          0x000000000800442c        0x8 c:/st/stm32cubeide_1.10.1/stm32cubeide/plugins/com.st.stm32cube.ide.mcu.externaltools.gnu-tools-for-stm32.10.3-2021.10.win32_1.0.0.202111181127/tools/bin/../lib/gcc/arm-none-eabi/10.3.1/thumb/v7e-m+fp/hard/crtn.o
                0x0000000008004434                . = ALIGN (0x4)
                0x0000000008004434                _etext = .

.vfp11_veneer   0x0000000008004434        0x0
 .vfp11_veneer  0x0000000008004434        0x0 linker stubs

.v4_bx          0x0000000008004434        0x0
 .v4_bx         0x0000000008004434        0x0 linker stubs

.iplt           0x0000000008004434        0x0
 .iplt          0x0000000008004434        0x0 c:/st/stm32cubeide_1.10.1/stm32cubeide/plugins/com.st.stm32cube.ide.mcu.externaltools.gnu-tools-for-stm32.10.3-2021.10.win32_1.0.0.202111181127/tools/bin/../lib/gcc/arm-none-eabi/10.3.1/thumb/v7e-m+fp/hard/crtbegin.o

.rodata         0x0000000008004434      0x914
                0x0000000008004434                . = ALIGN (0x4)
 *(.rodata)
 .rodata        0x0000000008004434       0x45 ./Src/main.o
 *fill*         0x0000000008004479        0x3 
 .rodata        0x000000000800447c        0xf D:\Lap Trinh\lap trinh\embedded\SDK_1.0.3_NUCLEO-F401RE\lib_stm\libLibraries.a(ucg_font.o)
 *(.rodata*)
 *fill*         0x000000000800448b        0x1 
 .rodata.ucg_st7735_set_pos_seq
                0x000000000800448c       0x1e D:\Lap Trinh\lap trinh\embedded\SDK_1.0.3_NUCLEO-F401RE\lib_stm\libLibraries.a(ucg_dev_ic_st7735.o)
                0x000000000800448c                ucg_st7735_set_pos_seq
 *fill*         0x00000000080044aa        0x2 
 .rodata.ucg_st7735_set_pos_dir0_seq
                0x00000000080044ac       0x1e D:\Lap Trinh\lap trinh\embedded\SDK_1.0.3_NUCLEO-F401RE\lib_stm\libLibraries.a(ucg_dev_ic_st7735.o)
                0x00000000080044ac                ucg_st7735_set_pos_dir0_seq
 *fill*         0x00000000080044ca        0x2 
 .rodata.ucg_st7735_set_pos_dir1_seq
                0x00000000080044cc       0x21 D:\Lap Trinh\lap trinh\embedded\SDK_1.0.3_NUCLEO-F401RE\lib_stm\libLibraries.a(ucg_dev_ic_st7735.o)
                0x00000000080044cc                ucg_st7735_set_pos_dir1_seq
 *fill*         0x00000000080044ed        0x3 
 .rodata.ucg_st7735_set_pos_dir2_seq
                0x00000000080044f0       0x21 D:\Lap Trinh\lap trinh\embedded\SDK_1.0.3_NUCLEO-F401RE\lib_stm\libLibraries.a(ucg_dev_ic_st7735.o)
                0x00000000080044f0                ucg_st7735_set_pos_dir2_seq
 *fill*         0x0000000008004511        0x3 
 .rodata.ucg_st7735_set_pos_dir3_seq
                0x0000000008004514       0x24 D:\Lap Trinh\lap trinh\embedded\SDK_1.0.3_NUCLEO-F401RE\lib_stm\libLibraries.a(ucg_dev_ic_st7735.o)
                0x0000000008004514                ucg_st7735_set_pos_dir3_seq
 .rodata.ucg_st7735_power_down_seq
                0x0000000008004538        0x7 D:\Lap Trinh\lap trinh\embedded\SDK_1.0.3_NUCLEO-F401RE\lib_stm\libLibraries.a(ucg_dev_ic_st7735.o)
 *fill*         0x000000000800453f        0x1 
 .rodata.ucg_tft_128x160_st7735_init_seq
                0x0000000008004540       0x2c D:\Lap Trinh\lap trinh\embedded\SDK_1.0.3_NUCLEO-F401RE\lib_stm\libLibraries.a(ucg_dev_tft_128x128_st7735.o)
 .rodata.ucg_font_ncenR12_hr
                0x000000000800456c      0x7a8 D:\Lap Trinh\lap trinh\embedded\SDK_1.0.3_NUCLEO-F401RE\lib_stm\libLibraries.a(ucg_pixel_font_data.o)
                0x000000000800456c                ucg_font_ncenR12_hr
 .rodata._svfprintf_r.str1.1
                0x0000000008004d14       0x11 c:/st/stm32cubeide_1.10.1/stm32cubeide/plugins/com.st.stm32cube.ide.mcu.externaltools.gnu-tools-for-stm32.10.3-2021.10.win32_1.0.0.202111181127/tools/bin/../lib/gcc/arm-none-eabi/10.3.1/../../../../arm-none-eabi/lib/thumb/v7e-m+fp/hard\libc_nano.a(lib_a-nano-svfprintf.o)
 .rodata._printf_i.str1.1
                0x0000000008004d25       0x22 c:/st/stm32cubeide_1.10.1/stm32cubeide/plugins/com.st.stm32cube.ide.mcu.externaltools.gnu-tools-for-stm32.10.3-2021.10.win32_1.0.0.202111181127/tools/bin/../lib/gcc/arm-none-eabi/10.3.1/../../../../arm-none-eabi/lib/thumb/v7e-m+fp/hard\libc_nano.a(lib_a-nano-vfprintf_i.o)
                0x0000000008004d48                . = ALIGN (0x4)
 *fill*         0x0000000008004d47        0x1 

.rel.dyn        0x0000000008004d48        0x0
 .rel.iplt      0x0000000008004d48        0x0 c:/st/stm32cubeide_1.10.1/stm32cubeide/plugins/com.st.stm32cube.ide.mcu.externaltools.gnu-tools-for-stm32.10.3-2021.10.win32_1.0.0.202111181127/tools/bin/../lib/gcc/arm-none-eabi/10.3.1/thumb/v7e-m+fp/hard/crtbegin.o

.ARM.extab      0x0000000008004d48        0x0
                0x0000000008004d48                . = ALIGN (0x4)
 *(.ARM.extab* .gnu.linkonce.armextab.*)
                0x0000000008004d48                . = ALIGN (0x4)

.ARM            0x0000000008004d48        0x0
                0x0000000008004d48                . = ALIGN (0x4)
                0x0000000008004d48                __exidx_start = .
 *(.ARM.exidx*)
                0x0000000008004d48                __exidx_end = .
                0x0000000008004d48                . = ALIGN (0x4)

.preinit_array  0x0000000008004d48        0x0
                0x0000000008004d48                . = ALIGN (0x4)
                0x0000000008004d48                PROVIDE (__preinit_array_start = .)
 *(.preinit_array*)
                0x0000000008004d48                PROVIDE (__preinit_array_end = .)
                0x0000000008004d48                . = ALIGN (0x4)

.init_array     0x0000000008004d48        0x4
                0x0000000008004d48                . = ALIGN (0x4)
                0x0000000008004d48                PROVIDE (__init_array_start = .)
 *(SORT_BY_NAME(.init_array.*))
 *(.init_array*)
 .init_array    0x0000000008004d48        0x4 c:/st/stm32cubeide_1.10.1/stm32cubeide/plugins/com.st.stm32cube.ide.mcu.externaltools.gnu-tools-for-stm32.10.3-2021.10.win32_1.0.0.202111181127/tools/bin/../lib/gcc/arm-none-eabi/10.3.1/thumb/v7e-m+fp/hard/crtbegin.o
                0x0000000008004d4c                PROVIDE (__init_array_end = .)
                0x0000000008004d4c                . = ALIGN (0x4)

.fini_array     0x0000000008004d4c        0x4
                0x0000000008004d4c                . = ALIGN (0x4)
                [!provide]                        PROVIDE (__fini_array_start = .)
 *(SORT_BY_NAME(.fini_array.*))
 *(.fini_array*)
 .fini_array    0x0000000008004d4c        0x4 c:/st/stm32cubeide_1.10.1/stm32cubeide/plugins/com.st.stm32cube.ide.mcu.externaltools.gnu-tools-for-stm32.10.3-2021.10.win32_1.0.0.202111181127/tools/bin/../lib/gcc/arm-none-eabi/10.3.1/thumb/v7e-m+fp/hard/crtbegin.o
                [!provide]                        PROVIDE (__fini_array_end = .)
                0x0000000008004d50                . = ALIGN (0x4)
                0x0000000008004d50                _sidata = LOADADDR (.data)

.data           0x0000000020000000       0x90 load address 0x0000000008004d50
                0x0000000020000000                . = ALIGN (0x4)
                0x0000000020000000                _sdata = .
 *(.data)
 *(.data*)
 .data.Sensor   0x0000000020000000        0x1 ./Src/main.o
 *fill*         0x0000000020000001        0x3 
 .data.SystemCoreClock
                0x0000000020000004        0x4 D:\Lap Trinh\lap trinh\embedded\SDK_1.0.3_NUCLEO-F401RE\lib_stm\libLibraries.a(system_stm32f4xx.o)
                0x0000000020000004                SystemCoreClock
 .data.AHBPrescTable
                0x0000000020000008       0x10 D:\Lap Trinh\lap trinh\embedded\SDK_1.0.3_NUCLEO-F401RE\lib_stm\libLibraries.a(system_stm32f4xx.o)
                0x0000000020000008                AHBPrescTable
 .data.APBAHBPrescTable
                0x0000000020000018       0x10 D:\Lap Trinh\lap trinh\embedded\SDK_1.0.3_NUCLEO-F401RE\lib_stm\libLibraries.a(stm32f401re_rcc.o)
 .data.idTaskScanDecodeLen
                0x0000000020000028        0x1 D:\Lap Trinh\lap trinh\embedded\SDK_1.0.3_NUCLEO-F401RE\lib_stm\libLibraries.a(ucg_font.o)
 *fill*         0x0000000020000029        0x3 
 .data._impure_ptr
                0x000000002000002c        0x4 c:/st/stm32cubeide_1.10.1/stm32cubeide/plugins/com.st.stm32cube.ide.mcu.externaltools.gnu-tools-for-stm32.10.3-2021.10.win32_1.0.0.202111181127/tools/bin/../lib/gcc/arm-none-eabi/10.3.1/../../../../arm-none-eabi/lib/thumb/v7e-m+fp/hard\libc_nano.a(lib_a-impure.o)
                0x000000002000002c                _impure_ptr
 .data.impure_data
                0x0000000020000030       0x60 c:/st/stm32cubeide_1.10.1/stm32cubeide/plugins/com.st.stm32cube.ide.mcu.externaltools.gnu-tools-for-stm32.10.3-2021.10.win32_1.0.0.202111181127/tools/bin/../lib/gcc/arm-none-eabi/10.3.1/../../../../arm-none-eabi/lib/thumb/v7e-m+fp/hard\libc_nano.a(lib_a-impure.o)
 *(.RamFunc)
 *(.RamFunc*)
                0x0000000020000090                . = ALIGN (0x4)
                0x0000000020000090                _edata = .

.igot.plt       0x0000000020000090        0x0 load address 0x0000000008004de0
 .igot.plt      0x0000000020000090        0x0 c:/st/stm32cubeide_1.10.1/stm32cubeide/plugins/com.st.stm32cube.ide.mcu.externaltools.gnu-tools-for-stm32.10.3-2021.10.win32_1.0.0.202111181127/tools/bin/../lib/gcc/arm-none-eabi/10.3.1/thumb/v7e-m+fp/hard/crtbegin.o
                0x0000000020000090                . = ALIGN (0x4)

.bss            0x0000000020000090     0x12b8 load address 0x0000000008004de0
                0x0000000020000090                _sbss = .
                0x0000000020000090                __bss_start__ = _sbss
 *(.bss)
 .bss           0x0000000020000090       0x1c c:/st/stm32cubeide_1.10.1/stm32cubeide/plugins/com.st.stm32cube.ide.mcu.externaltools.gnu-tools-for-stm32.10.3-2021.10.win32_1.0.0.202111181127/tools/bin/../lib/gcc/arm-none-eabi/10.3.1/thumb/v7e-m+fp/hard/crtbegin.o
 *(.bss*)
 .bss.time_initial
                0x00000000200000ac        0x4 ./Src/main.o
                0x00000000200000ac                time_initial
 .bss.ucg       0x00000000200000b0       0xb4 ./Src/main.o
                0x00000000200000b0                ucg
 .bss.temperture
                0x0000000020000164        0x1 ./Src/main.o
 .bss.humidity  0x0000000020000165        0x1 ./Src/main.o
 *fill*         0x0000000020000166        0x2 
 .bss.str1      0x0000000020000168       0x14 ./Src/main.o
 .bss.str2      0x000000002000017c       0x14 ./Src/main.o
 .bss.__sbrk_heap_end
                0x0000000020000190        0x4 ./Src/sysmem.o
 .bss.g_pTimerHandle
                0x0000000020000194      0x180 D:\Lap Trinh\lap trinh\embedded\SDK_1.0.3_NUCLEO-F401RE\lib_stm\libLibraries.a(timer.o)
 .bss.g_wMilSecTickTimer
                0x0000000020000314        0x4 D:\Lap Trinh\lap trinh\embedded\SDK_1.0.3_NUCLEO-F401RE\lib_stm\libLibraries.a(timer.o)
 .bss.fontQueue
                0x0000000020000318       0x10 D:\Lap Trinh\lap trinh\embedded\SDK_1.0.3_NUCLEO-F401RE\lib_stm\libLibraries.a(ucg_font.o)
 .bss.pQueueFont
                0x0000000020000328     0x1000 D:\Lap Trinh\lap trinh\embedded\SDK_1.0.3_NUCLEO-F401RE\lib_stm\libLibraries.a(ucg_font.o)
 .bss.next.7562
                0x0000000020001328        0x1 D:\Lap Trinh\lap trinh\embedded\SDK_1.0.3_NUCLEO-F401RE\lib_stm\libLibraries.a(ucg_font.o)
 *fill*         0x0000000020001329        0x3 
 .bss.__malloc_free_list
                0x000000002000132c        0x4 c:/st/stm32cubeide_1.10.1/stm32cubeide/plugins/com.st.stm32cube.ide.mcu.externaltools.gnu-tools-for-stm32.10.3-2021.10.win32_1.0.0.202111181127/tools/bin/../lib/gcc/arm-none-eabi/10.3.1/../../../../arm-none-eabi/lib/thumb/v7e-m+fp/hard\libc_nano.a(lib_a-nano-mallocr.o)
                0x000000002000132c                __malloc_free_list
 .bss.__malloc_sbrk_start
                0x0000000020001330        0x4 c:/st/stm32cubeide_1.10.1/stm32cubeide/plugins/com.st.stm32cube.ide.mcu.externaltools.gnu-tools-for-stm32.10.3-2021.10.win32_1.0.0.202111181127/tools/bin/../lib/gcc/arm-none-eabi/10.3.1/../../../../arm-none-eabi/lib/thumb/v7e-m+fp/hard\libc_nano.a(lib_a-nano-mallocr.o)
                0x0000000020001330                __malloc_sbrk_start
 .bss.errno     0x0000000020001334        0x4 c:/st/stm32cubeide_1.10.1/stm32cubeide/plugins/com.st.stm32cube.ide.mcu.externaltools.gnu-tools-for-stm32.10.3-2021.10.win32_1.0.0.202111181127/tools/bin/../lib/gcc/arm-none-eabi/10.3.1/../../../../arm-none-eabi/lib/thumb/v7e-m+fp/hard\libc_nano.a(lib_a-reent.o)
                0x0000000020001334                errno
 .bss.__lock___malloc_recursive_mutex
                0x0000000020001338        0x1 c:/st/stm32cubeide_1.10.1/stm32cubeide/plugins/com.st.stm32cube.ide.mcu.externaltools.gnu-tools-for-stm32.10.3-2021.10.win32_1.0.0.202111181127/tools/bin/../lib/gcc/arm-none-eabi/10.3.1/../../../../arm-none-eabi/lib/thumb/v7e-m+fp/hard\libc_nano.a(lib_a-lock.o)
                0x0000000020001338                __lock___malloc_recursive_mutex
 *(COMMON)
 *fill*         0x0000000020001339        0x3 
 COMMON         0x000000002000133c        0xc D:\Lap Trinh\lap trinh\embedded\SDK_1.0.3_NUCLEO-F401RE\lib_stm\libLibraries.a(ucg_font.o)
                0x000000002000133c                ucg_draw_str
                0x0000000020001348                . = ALIGN (0x4)
                0x0000000020001348                _ebss = .
                0x0000000020001348                __bss_end__ = _ebss

._user_heap_stack
                0x0000000020001348      0x600 load address 0x0000000008004de0
                0x0000000020001348                . = ALIGN (0x8)
                [!provide]                        PROVIDE (end = .)
                0x0000000020001348                PROVIDE (_end = .)
                0x0000000020001548                . = (. + _Min_Heap_Size)
 *fill*         0x0000000020001348      0x200 
                0x0000000020001948                . = (. + _Min_Stack_Size)
 *fill*         0x0000000020001548      0x400 
                0x0000000020001948                . = ALIGN (0x8)

/DISCARD/
 libc.a(*)
 libm.a(*)
 libgcc.a(*)

.ARM.attributes
                0x0000000000000000       0x30
 *(.ARM.attributes)
 .ARM.attributes
                0x0000000000000000       0x1e c:/st/stm32cubeide_1.10.1/stm32cubeide/plugins/com.st.stm32cube.ide.mcu.externaltools.gnu-tools-for-stm32.10.3-2021.10.win32_1.0.0.202111181127/tools/bin/../lib/gcc/arm-none-eabi/10.3.1/thumb/v7e-m+fp/hard/crti.o
 .ARM.attributes
                0x000000000000001e       0x34 c:/st/stm32cubeide_1.10.1/stm32cubeide/plugins/com.st.stm32cube.ide.mcu.externaltools.gnu-tools-for-stm32.10.3-2021.10.win32_1.0.0.202111181127/tools/bin/../lib/gcc/arm-none-eabi/10.3.1/thumb/v7e-m+fp/hard/crtbegin.o
 .ARM.attributes
                0x0000000000000052       0x34 ./Src/main.o
 .ARM.attributes
                0x0000000000000086       0x34 ./Src/sysmem.o
 .ARM.attributes
                0x00000000000000ba       0x21 ./Startup/startup_stm32f401retx.o
 .ARM.attributes
                0x00000000000000db       0x39 D:\Lap Trinh\lap trinh\embedded\SDK_1.0.3_NUCLEO-F401RE\lib_stm\libLibraries.a(system_stm32f4xx.o)
 .ARM.attributes
                0x0000000000000114       0x39 D:\Lap Trinh\lap trinh\embedded\SDK_1.0.3_NUCLEO-F401RE\lib_stm\libLibraries.a(stm32f401re_gpio.o)
 .ARM.attributes
                0x000000000000014d       0x39 D:\Lap Trinh\lap trinh\embedded\SDK_1.0.3_NUCLEO-F401RE\lib_stm\libLibraries.a(stm32f401re_i2c.o)
 .ARM.attributes
                0x0000000000000186       0x39 D:\Lap Trinh\lap trinh\embedded\SDK_1.0.3_NUCLEO-F401RE\lib_stm\libLibraries.a(stm32f401re_rcc.o)
 .ARM.attributes
                0x00000000000001bf       0x39 D:\Lap Trinh\lap trinh\embedded\SDK_1.0.3_NUCLEO-F401RE\lib_stm\libLibraries.a(timer.o)
 .ARM.attributes
                0x00000000000001f8       0x39 D:\Lap Trinh\lap trinh\embedded\SDK_1.0.3_NUCLEO-F401RE\lib_stm\libLibraries.a(Ucglib.o)
 .ARM.attributes
                0x0000000000000231       0x39 D:\Lap Trinh\lap trinh\embedded\SDK_1.0.3_NUCLEO-F401RE\lib_stm\libLibraries.a(ucg_box.o)
 .ARM.attributes
                0x000000000000026a       0x39 D:\Lap Trinh\lap trinh\embedded\SDK_1.0.3_NUCLEO-F401RE\lib_stm\libLibraries.a(ucg_ccs.o)
 .ARM.attributes
                0x00000000000002a3       0x39 D:\Lap Trinh\lap trinh\embedded\SDK_1.0.3_NUCLEO-F401RE\lib_stm\libLibraries.a(ucg_dev_default_cb.o)
 .ARM.attributes
                0x00000000000002dc       0x39 D:\Lap Trinh\lap trinh\embedded\SDK_1.0.3_NUCLEO-F401RE\lib_stm\libLibraries.a(ucg_dev_ic_st7735.o)
 .ARM.attributes
                0x0000000000000315       0x39 D:\Lap Trinh\lap trinh\embedded\SDK_1.0.3_NUCLEO-F401RE\lib_stm\libLibraries.a(ucg_dev_msg_api.o)
 .ARM.attributes
                0x000000000000034e       0x39 D:\Lap Trinh\lap trinh\embedded\SDK_1.0.3_NUCLEO-F401RE\lib_stm\libLibraries.a(ucg_dev_tft_128x128_st7735.o)
 .ARM.attributes
                0x0000000000000387       0x39 D:\Lap Trinh\lap trinh\embedded\SDK_1.0.3_NUCLEO-F401RE\lib_stm\libLibraries.a(ucg_font.o)
 .ARM.attributes
                0x00000000000003c0       0x39 D:\Lap Trinh\lap trinh\embedded\SDK_1.0.3_NUCLEO-F401RE\lib_stm\libLibraries.a(ucg_init.o)
 .ARM.attributes
                0x00000000000003f9       0x39 D:\Lap Trinh\lap trinh\embedded\SDK_1.0.3_NUCLEO-F401RE\lib_stm\libLibraries.a(ucg_line.o)
 .ARM.attributes
                0x0000000000000432       0x39 D:\Lap Trinh\lap trinh\embedded\SDK_1.0.3_NUCLEO-F401RE\lib_stm\libLibraries.a(ucg_pixel.o)
 .ARM.attributes
                0x000000000000046b       0x39 D:\Lap Trinh\lap trinh\embedded\SDK_1.0.3_NUCLEO-F401RE\lib_stm\libLibraries.a(ucg_pixel_font_data.o)
 .ARM.attributes
                0x00000000000004a4       0x39 D:\Lap Trinh\lap trinh\embedded\SDK_1.0.3_NUCLEO-F401RE\lib_stm\libLibraries.a(ucg_rotate.o)
 .ARM.attributes
                0x00000000000004dd       0x39 D:\Lap Trinh\lap trinh\embedded\SDK_1.0.3_NUCLEO-F401RE\lib_stm\libLibraries.a(buff.o)
 .ARM.attributes
                0x0000000000000516       0x39 D:\Lap Trinh\lap trinh\embedded\SDK_1.0.3_NUCLEO-F401RE\lib_stm\libLibraries.a(utilities.o)
 .ARM.attributes
                0x000000000000054f       0x39 D:\Lap Trinh\lap trinh\embedded\SDK_1.0.3_NUCLEO-F401RE\lib_stm\libLibraries.a(ucg_clip.o)
 .ARM.attributes
                0x0000000000000588       0x39 D:\Lap Trinh\lap trinh\embedded\SDK_1.0.3_NUCLEO-F401RE\lib_stm\libLibraries.a(ucg_com_msg_api.o)
 .ARM.attributes
                0x00000000000005c1       0x34 c:/st/stm32cubeide_1.10.1/stm32cubeide/plugins/com.st.stm32cube.ide.mcu.externaltools.gnu-tools-for-stm32.10.3-2021.10.win32_1.0.0.202111181127/tools/bin/../lib/gcc/arm-none-eabi/10.3.1/../../../../arm-none-eabi/lib/thumb/v7e-m+fp/hard\libc_nano.a(lib_a-errno.o)
 .ARM.attributes
                0x00000000000005f5       0x34 c:/st/stm32cubeide_1.10.1/stm32cubeide/plugins/com.st.stm32cube.ide.mcu.externaltools.gnu-tools-for-stm32.10.3-2021.10.win32_1.0.0.202111181127/tools/bin/../lib/gcc/arm-none-eabi/10.3.1/../../../../arm-none-eabi/lib/thumb/v7e-m+fp/hard\libc_nano.a(lib_a-impure.o)
 .ARM.attributes
                0x0000000000000629       0x34 c:/st/stm32cubeide_1.10.1/stm32cubeide/plugins/com.st.stm32cube.ide.mcu.externaltools.gnu-tools-for-stm32.10.3-2021.10.win32_1.0.0.202111181127/tools/bin/../lib/gcc/arm-none-eabi/10.3.1/../../../../arm-none-eabi/lib/thumb/v7e-m+fp/hard\libc_nano.a(lib_a-init.o)
 .ARM.attributes
                0x000000000000065d       0x34 c:/st/stm32cubeide_1.10.1/stm32cubeide/plugins/com.st.stm32cube.ide.mcu.externaltools.gnu-tools-for-stm32.10.3-2021.10.win32_1.0.0.202111181127/tools/bin/../lib/gcc/arm-none-eabi/10.3.1/../../../../arm-none-eabi/lib/thumb/v7e-m+fp/hard\libc_nano.a(lib_a-memset.o)
 .ARM.attributes
                0x0000000000000691       0x34 c:/st/stm32cubeide_1.10.1/stm32cubeide/plugins/com.st.stm32cube.ide.mcu.externaltools.gnu-tools-for-stm32.10.3-2021.10.win32_1.0.0.202111181127/tools/bin/../lib/gcc/arm-none-eabi/10.3.1/../../../../arm-none-eabi/lib/thumb/v7e-m+fp/hard\libc_nano.a(lib_a-sprintf.o)
 .ARM.attributes
                0x00000000000006c5       0x34 c:/st/stm32cubeide_1.10.1/stm32cubeide/plugins/com.st.stm32cube.ide.mcu.externaltools.gnu-tools-for-stm32.10.3-2021.10.win32_1.0.0.202111181127/tools/bin/../lib/gcc/arm-none-eabi/10.3.1/../../../../arm-none-eabi/lib/thumb/v7e-m+fp/hard\libc_nano.a(lib_a-nano-svfprintf.o)
 .ARM.attributes
                0x00000000000006f9       0x34 c:/st/stm32cubeide_1.10.1/stm32cubeide/plugins/com.st.stm32cube.ide.mcu.externaltools.gnu-tools-for-stm32.10.3-2021.10.win32_1.0.0.202111181127/tools/bin/../lib/gcc/arm-none-eabi/10.3.1/../../../../arm-none-eabi/lib/thumb/v7e-m+fp/hard\libc_nano.a(lib_a-nano-vfprintf_i.o)
 .ARM.attributes
                0x000000000000072d       0x1c c:/st/stm32cubeide_1.10.1/stm32cubeide/plugins/com.st.stm32cube.ide.mcu.externaltools.gnu-tools-for-stm32.10.3-2021.10.win32_1.0.0.202111181127/tools/bin/../lib/gcc/arm-none-eabi/10.3.1/../../../../arm-none-eabi/lib/thumb/v7e-m+fp/hard\libc_nano.a(lib_a-memchr.o)
 .ARM.attributes
                0x0000000000000749       0x34 c:/st/stm32cubeide_1.10.1/stm32cubeide/plugins/com.st.stm32cube.ide.mcu.externaltools.gnu-tools-for-stm32.10.3-2021.10.win32_1.0.0.202111181127/tools/bin/../lib/gcc/arm-none-eabi/10.3.1/../../../../arm-none-eabi/lib/thumb/v7e-m+fp/hard\libc_nano.a(lib_a-memcpy-stub.o)
 .ARM.attributes
                0x000000000000077d       0x34 c:/st/stm32cubeide_1.10.1/stm32cubeide/plugins/com.st.stm32cube.ide.mcu.externaltools.gnu-tools-for-stm32.10.3-2021.10.win32_1.0.0.202111181127/tools/bin/../lib/gcc/arm-none-eabi/10.3.1/../../../../arm-none-eabi/lib/thumb/v7e-m+fp/hard\libc_nano.a(lib_a-memmove.o)
 .ARM.attributes
                0x00000000000007b1       0x34 c:/st/stm32cubeide_1.10.1/stm32cubeide/plugins/com.st.stm32cube.ide.mcu.externaltools.gnu-tools-for-stm32.10.3-2021.10.win32_1.0.0.202111181127/tools/bin/../lib/gcc/arm-none-eabi/10.3.1/../../../../arm-none-eabi/lib/thumb/v7e-m+fp/hard\libc_nano.a(lib_a-nano-freer.o)
 .ARM.attributes
                0x00000000000007e5       0x34 c:/st/stm32cubeide_1.10.1/stm32cubeide/plugins/com.st.stm32cube.ide.mcu.externaltools.gnu-tools-for-stm32.10.3-2021.10.win32_1.0.0.202111181127/tools/bin/../lib/gcc/arm-none-eabi/10.3.1/../../../../arm-none-eabi/lib/thumb/v7e-m+fp/hard\libc_nano.a(lib_a-nano-mallocr.o)
 .ARM.attributes
                0x0000000000000819       0x34 c:/st/stm32cubeide_1.10.1/stm32cubeide/plugins/com.st.stm32cube.ide.mcu.externaltools.gnu-tools-for-stm32.10.3-2021.10.win32_1.0.0.202111181127/tools/bin/../lib/gcc/arm-none-eabi/10.3.1/../../../../arm-none-eabi/lib/thumb/v7e-m+fp/hard\libc_nano.a(lib_a-nano-reallocr.o)
 .ARM.attributes
                0x000000000000084d       0x34 c:/st/stm32cubeide_1.10.1/stm32cubeide/plugins/com.st.stm32cube.ide.mcu.externaltools.gnu-tools-for-stm32.10.3-2021.10.win32_1.0.0.202111181127/tools/bin/../lib/gcc/arm-none-eabi/10.3.1/../../../../arm-none-eabi/lib/thumb/v7e-m+fp/hard\libc_nano.a(lib_a-sbrkr.o)
 .ARM.attributes
                0x0000000000000881       0x34 c:/st/stm32cubeide_1.10.1/stm32cubeide/plugins/com.st.stm32cube.ide.mcu.externaltools.gnu-tools-for-stm32.10.3-2021.10.win32_1.0.0.202111181127/tools/bin/../lib/gcc/arm-none-eabi/10.3.1/../../../../arm-none-eabi/lib/thumb/v7e-m+fp/hard\libc_nano.a(lib_a-mlock.o)
 .ARM.attributes
                0x00000000000008b5       0x34 c:/st/stm32cubeide_1.10.1/stm32cubeide/plugins/com.st.stm32cube.ide.mcu.externaltools.gnu-tools-for-stm32.10.3-2021.10.win32_1.0.0.202111181127/tools/bin/../lib/gcc/arm-none-eabi/10.3.1/../../../../arm-none-eabi/lib/thumb/v7e-m+fp/hard\libc_nano.a(lib_a-nano-msizer.o)
 .ARM.attributes
                0x00000000000008e9       0x34 c:/st/stm32cubeide_1.10.1/stm32cubeide/plugins/com.st.stm32cube.ide.mcu.externaltools.gnu-tools-for-stm32.10.3-2021.10.win32_1.0.0.202111181127/tools/bin/../lib/gcc/arm-none-eabi/10.3.1/../../../../arm-none-eabi/lib/thumb/v7e-m+fp/hard\libc_nano.a(lib_a-reent.o)
 .ARM.attributes
                0x000000000000091d       0x34 c:/st/stm32cubeide_1.10.1/stm32cubeide/plugins/com.st.stm32cube.ide.mcu.externaltools.gnu-tools-for-stm32.10.3-2021.10.win32_1.0.0.202111181127/tools/bin/../lib/gcc/arm-none-eabi/10.3.1/../../../../arm-none-eabi/lib/thumb/v7e-m+fp/hard\libc_nano.a(lib_a-lock.o)
 .ARM.attributes
                0x0000000000000951       0x1e c:/st/stm32cubeide_1.10.1/stm32cubeide/plugins/com.st.stm32cube.ide.mcu.externaltools.gnu-tools-for-stm32.10.3-2021.10.win32_1.0.0.202111181127/tools/bin/../lib/gcc/arm-none-eabi/10.3.1/thumb/v7e-m+fp/hard/crtn.o
OUTPUT(MULTISENSOR_MCU_V1.0.0.elf elf32-littlearm)
LOAD linker stubs
LOAD c:/st/stm32cubeide_1.10.1/stm32cubeide/plugins/com.st.stm32cube.ide.mcu.externaltools.gnu-tools-for-stm32.10.3-2021.10.win32_1.0.0.202111181127/tools/bin/../lib/gcc/arm-none-eabi/10.3.1/../../../../arm-none-eabi/lib/thumb/v7e-m+fp/hard\libc.a
LOAD c:/st/stm32cubeide_1.10.1/stm32cubeide/plugins/com.st.stm32cube.ide.mcu.externaltools.gnu-tools-for-stm32.10.3-2021.10.win32_1.0.0.202111181127/tools/bin/../lib/gcc/arm-none-eabi/10.3.1/../../../../arm-none-eabi/lib/thumb/v7e-m+fp/hard\libm.a
LOAD c:/st/stm32cubeide_1.10.1/stm32cubeide/plugins/com.st.stm32cube.ide.mcu.externaltools.gnu-tools-for-stm32.10.3-2021.10.win32_1.0.0.202111181127/tools/bin/../lib/gcc/arm-none-eabi/10.3.1/thumb/v7e-m+fp/hard\libgcc.a

.debug_info     0x0000000000000000    0x35825
 .debug_info    0x0000000000000000     0x10d4 ./Src/main.o
 .debug_info    0x00000000000010d4      0x171 ./Src/sysmem.o
 .debug_info    0x0000000000001245       0x22 ./Startup/startup_stm32f401retx.o
 .debug_info    0x0000000000001267      0x5bb D:\Lap Trinh\lap trinh\embedded\SDK_1.0.3_NUCLEO-F401RE\lib_stm\libLibraries.a(system_stm32f4xx.o)
 .debug_info    0x0000000000001822      0x62b D:\Lap Trinh\lap trinh\embedded\SDK_1.0.3_NUCLEO-F401RE\lib_stm\libLibraries.a(stm32f401re_gpio.o)
 .debug_info    0x0000000000001e4d      0xb9e D:\Lap Trinh\lap trinh\embedded\SDK_1.0.3_NUCLEO-F401RE\lib_stm\libLibraries.a(stm32f401re_i2c.o)
 .debug_info    0x00000000000029eb      0xd5e D:\Lap Trinh\lap trinh\embedded\SDK_1.0.3_NUCLEO-F401RE\lib_stm\libLibraries.a(stm32f401re_rcc.o)
 .debug_info    0x0000000000003749      0x922 D:\Lap Trinh\lap trinh\embedded\SDK_1.0.3_NUCLEO-F401RE\lib_stm\libLibraries.a(timer.o)
 .debug_info    0x000000000000406b     0x333f D:\Lap Trinh\lap trinh\embedded\SDK_1.0.3_NUCLEO-F401RE\lib_stm\libLibraries.a(Ucglib.o)
 .debug_info    0x00000000000073aa     0x329d D:\Lap Trinh\lap trinh\embedded\SDK_1.0.3_NUCLEO-F401RE\lib_stm\libLibraries.a(ucg_box.o)
 .debug_info    0x000000000000a647     0x2b08 D:\Lap Trinh\lap trinh\embedded\SDK_1.0.3_NUCLEO-F401RE\lib_stm\libLibraries.a(ucg_ccs.o)
 .debug_info    0x000000000000d14f     0x324b D:\Lap Trinh\lap trinh\embedded\SDK_1.0.3_NUCLEO-F401RE\lib_stm\libLibraries.a(ucg_dev_default_cb.o)
 .debug_info    0x000000000001039a     0x3272 D:\Lap Trinh\lap trinh\embedded\SDK_1.0.3_NUCLEO-F401RE\lib_stm\libLibraries.a(ucg_dev_ic_st7735.o)
 .debug_info    0x000000000001360c     0x3178 D:\Lap Trinh\lap trinh\embedded\SDK_1.0.3_NUCLEO-F401RE\lib_stm\libLibraries.a(ucg_dev_msg_api.o)
 .debug_info    0x0000000000016784     0x303e D:\Lap Trinh\lap trinh\embedded\SDK_1.0.3_NUCLEO-F401RE\lib_stm\libLibraries.a(ucg_dev_tft_128x128_st7735.o)
 .debug_info    0x00000000000197c2     0x43ab D:\Lap Trinh\lap trinh\embedded\SDK_1.0.3_NUCLEO-F401RE\lib_stm\libLibraries.a(ucg_font.o)
 .debug_info    0x000000000001db6d     0x3856 D:\Lap Trinh\lap trinh\embedded\SDK_1.0.3_NUCLEO-F401RE\lib_stm\libLibraries.a(ucg_init.o)
 .debug_info    0x00000000000213c3     0x3222 D:\Lap Trinh\lap trinh\embedded\SDK_1.0.3_NUCLEO-F401RE\lib_stm\libLibraries.a(ucg_line.o)
 .debug_info    0x00000000000245e5     0x3056 D:\Lap Trinh\lap trinh\embedded\SDK_1.0.3_NUCLEO-F401RE\lib_stm\libLibraries.a(ucg_pixel.o)
 .debug_info    0x000000000002763b     0x43df D:\Lap Trinh\lap trinh\embedded\SDK_1.0.3_NUCLEO-F401RE\lib_stm\libLibraries.a(ucg_pixel_font_data.o)
 .debug_info    0x000000000002ba1a     0x3231 D:\Lap Trinh\lap trinh\embedded\SDK_1.0.3_NUCLEO-F401RE\lib_stm\libLibraries.a(ucg_rotate.o)
 .debug_info    0x000000000002ec4b      0x339 D:\Lap Trinh\lap trinh\embedded\SDK_1.0.3_NUCLEO-F401RE\lib_stm\libLibraries.a(buff.o)
 .debug_info    0x000000000002ef84      0x2bd D:\Lap Trinh\lap trinh\embedded\SDK_1.0.3_NUCLEO-F401RE\lib_stm\libLibraries.a(utilities.o)
 .debug_info    0x000000000002f241     0x315a D:\Lap Trinh\lap trinh\embedded\SDK_1.0.3_NUCLEO-F401RE\lib_stm\libLibraries.a(ucg_clip.o)
 .debug_info    0x000000000003239b     0x348a D:\Lap Trinh\lap trinh\embedded\SDK_1.0.3_NUCLEO-F401RE\lib_stm\libLibraries.a(ucg_com_msg_api.o)

.debug_abbrev   0x0000000000000000     0x26e1
 .debug_abbrev  0x0000000000000000      0x33c ./Src/main.o
 .debug_abbrev  0x000000000000033c       0xbb ./Src/sysmem.o
 .debug_abbrev  0x00000000000003f7       0x12 ./Startup/startup_stm32f401retx.o
 .debug_abbrev  0x0000000000000409      0x138 D:\Lap Trinh\lap trinh\embedded\SDK_1.0.3_NUCLEO-F401RE\lib_stm\libLibraries.a(system_stm32f4xx.o)
 .debug_abbrev  0x0000000000000541      0x1bf D:\Lap Trinh\lap trinh\embedded\SDK_1.0.3_NUCLEO-F401RE\lib_stm\libLibraries.a(stm32f401re_gpio.o)
 .debug_abbrev  0x0000000000000700      0x196 D:\Lap Trinh\lap trinh\embedded\SDK_1.0.3_NUCLEO-F401RE\lib_stm\libLibraries.a(stm32f401re_i2c.o)
 .debug_abbrev  0x0000000000000896      0x1d4 D:\Lap Trinh\lap trinh\embedded\SDK_1.0.3_NUCLEO-F401RE\lib_stm\libLibraries.a(stm32f401re_rcc.o)
 .debug_abbrev  0x0000000000000a6a      0x29a D:\Lap Trinh\lap trinh\embedded\SDK_1.0.3_NUCLEO-F401RE\lib_stm\libLibraries.a(timer.o)
 .debug_abbrev  0x0000000000000d04      0x202 D:\Lap Trinh\lap trinh\embedded\SDK_1.0.3_NUCLEO-F401RE\lib_stm\libLibraries.a(Ucglib.o)
 .debug_abbrev  0x0000000000000f06      0x18b D:\Lap Trinh\lap trinh\embedded\SDK_1.0.3_NUCLEO-F401RE\lib_stm\libLibraries.a(ucg_box.o)
 .debug_abbrev  0x0000000000001091       0xf5 D:\Lap Trinh\lap trinh\embedded\SDK_1.0.3_NUCLEO-F401RE\lib_stm\libLibraries.a(ucg_ccs.o)
 .debug_abbrev  0x0000000000001186      0x19e D:\Lap Trinh\lap trinh\embedded\SDK_1.0.3_NUCLEO-F401RE\lib_stm\libLibraries.a(ucg_dev_default_cb.o)
 .debug_abbrev  0x0000000000001324      0x1dc D:\Lap Trinh\lap trinh\embedded\SDK_1.0.3_NUCLEO-F401RE\lib_stm\libLibraries.a(ucg_dev_ic_st7735.o)
 .debug_abbrev  0x0000000000001500      0x191 D:\Lap Trinh\lap trinh\embedded\SDK_1.0.3_NUCLEO-F401RE\lib_stm\libLibraries.a(ucg_dev_msg_api.o)
 .debug_abbrev  0x0000000000001691      0x14e D:\Lap Trinh\lap trinh\embedded\SDK_1.0.3_NUCLEO-F401RE\lib_stm\libLibraries.a(ucg_dev_tft_128x128_st7735.o)
 .debug_abbrev  0x00000000000017df      0x2fc D:\Lap Trinh\lap trinh\embedded\SDK_1.0.3_NUCLEO-F401RE\lib_stm\libLibraries.a(ucg_font.o)
 .debug_abbrev  0x0000000000001adb      0x1c6 D:\Lap Trinh\lap trinh\embedded\SDK_1.0.3_NUCLEO-F401RE\lib_stm\libLibraries.a(ucg_init.o)
 .debug_abbrev  0x0000000000001ca1      0x175 D:\Lap Trinh\lap trinh\embedded\SDK_1.0.3_NUCLEO-F401RE\lib_stm\libLibraries.a(ucg_line.o)
 .debug_abbrev  0x0000000000001e16      0x148 D:\Lap Trinh\lap trinh\embedded\SDK_1.0.3_NUCLEO-F401RE\lib_stm\libLibraries.a(ucg_pixel.o)
 .debug_abbrev  0x0000000000001f5e       0x83 D:\Lap Trinh\lap trinh\embedded\SDK_1.0.3_NUCLEO-F401RE\lib_stm\libLibraries.a(ucg_pixel_font_data.o)
 .debug_abbrev  0x0000000000001fe1      0x1a3 D:\Lap Trinh\lap trinh\embedded\SDK_1.0.3_NUCLEO-F401RE\lib_stm\libLibraries.a(ucg_rotate.o)
 .debug_abbrev  0x0000000000002184      0x12a D:\Lap Trinh\lap trinh\embedded\SDK_1.0.3_NUCLEO-F401RE\lib_stm\libLibraries.a(buff.o)
 .debug_abbrev  0x00000000000022ae       0xce D:\Lap Trinh\lap trinh\embedded\SDK_1.0.3_NUCLEO-F401RE\lib_stm\libLibraries.a(utilities.o)
 .debug_abbrev  0x000000000000237c      0x173 D:\Lap Trinh\lap trinh\embedded\SDK_1.0.3_NUCLEO-F401RE\lib_stm\libLibraries.a(ucg_clip.o)
 .debug_abbrev  0x00000000000024ef      0x1f2 D:\Lap Trinh\lap trinh\embedded\SDK_1.0.3_NUCLEO-F401RE\lib_stm\libLibraries.a(ucg_com_msg_api.o)

.debug_aranges  0x0000000000000000      0xa80
 .debug_aranges
                0x0000000000000000       0x78 ./Src/main.o
 .debug_aranges
                0x0000000000000078       0x20 ./Src/sysmem.o
 .debug_aranges
                0x0000000000000098       0x28 ./Startup/startup_stm32f401retx.o
 .debug_aranges
                0x00000000000000c0       0x30 D:\Lap Trinh\lap trinh\embedded\SDK_1.0.3_NUCLEO-F401RE\lib_stm\libLibraries.a(system_stm32f4xx.o)
 .debug_aranges
                0x00000000000000f0       0x88 D:\Lap Trinh\lap trinh\embedded\SDK_1.0.3_NUCLEO-F401RE\lib_stm\libLibraries.a(stm32f401re_gpio.o)
 .debug_aranges
                0x0000000000000178      0x130 D:\Lap Trinh\lap trinh\embedded\SDK_1.0.3_NUCLEO-F401RE\lib_stm\libLibraries.a(stm32f401re_i2c.o)
 .debug_aranges
                0x00000000000002a8      0x198 D:\Lap Trinh\lap trinh\embedded\SDK_1.0.3_NUCLEO-F401RE\lib_stm\libLibraries.a(stm32f401re_rcc.o)
 .debug_aranges
                0x0000000000000440       0x70 D:\Lap Trinh\lap trinh\embedded\SDK_1.0.3_NUCLEO-F401RE\lib_stm\libLibraries.a(timer.o)
 .debug_aranges
                0x00000000000004b0       0x48 D:\Lap Trinh\lap trinh\embedded\SDK_1.0.3_NUCLEO-F401RE\lib_stm\libLibraries.a(Ucglib.o)
 .debug_aranges
                0x00000000000004f8       0x48 D:\Lap Trinh\lap trinh\embedded\SDK_1.0.3_NUCLEO-F401RE\lib_stm\libLibraries.a(ucg_box.o)
 .debug_aranges
                0x0000000000000540       0x30 D:\Lap Trinh\lap trinh\embedded\SDK_1.0.3_NUCLEO-F401RE\lib_stm\libLibraries.a(ucg_ccs.o)
 .debug_aranges
                0x0000000000000570       0x48 D:\Lap Trinh\lap trinh\embedded\SDK_1.0.3_NUCLEO-F401RE\lib_stm\libLibraries.a(ucg_dev_default_cb.o)
 .debug_aranges
                0x00000000000005b8       0x40 D:\Lap Trinh\lap trinh\embedded\SDK_1.0.3_NUCLEO-F401RE\lib_stm\libLibraries.a(ucg_dev_ic_st7735.o)
 .debug_aranges
                0x00000000000005f8       0x60 D:\Lap Trinh\lap trinh\embedded\SDK_1.0.3_NUCLEO-F401RE\lib_stm\libLibraries.a(ucg_dev_msg_api.o)
 .debug_aranges
                0x0000000000000658       0x20 D:\Lap Trinh\lap trinh\embedded\SDK_1.0.3_NUCLEO-F401RE\lib_stm\libLibraries.a(ucg_dev_tft_128x128_st7735.o)
 .debug_aranges
                0x0000000000000678      0x168 D:\Lap Trinh\lap trinh\embedded\SDK_1.0.3_NUCLEO-F401RE\lib_stm\libLibraries.a(ucg_font.o)
 .debug_aranges
                0x00000000000007e0       0x28 D:\Lap Trinh\lap trinh\embedded\SDK_1.0.3_NUCLEO-F401RE\lib_stm\libLibraries.a(ucg_init.o)
 .debug_aranges
                0x0000000000000808       0x48 D:\Lap Trinh\lap trinh\embedded\SDK_1.0.3_NUCLEO-F401RE\lib_stm\libLibraries.a(ucg_line.o)
 .debug_aranges
                0x0000000000000850       0x28 D:\Lap Trinh\lap trinh\embedded\SDK_1.0.3_NUCLEO-F401RE\lib_stm\libLibraries.a(ucg_pixel.o)
 .debug_aranges
                0x0000000000000878       0x18 D:\Lap Trinh\lap trinh\embedded\SDK_1.0.3_NUCLEO-F401RE\lib_stm\libLibraries.a(ucg_pixel_font_data.o)
 .debug_aranges
                0x0000000000000890       0x68 D:\Lap Trinh\lap trinh\embedded\SDK_1.0.3_NUCLEO-F401RE\lib_stm\libLibraries.a(ucg_rotate.o)
 .debug_aranges
                0x00000000000008f8       0x50 D:\Lap Trinh\lap trinh\embedded\SDK_1.0.3_NUCLEO-F401RE\lib_stm\libLibraries.a(buff.o)
 .debug_aranges
                0x0000000000000948       0x48 D:\Lap Trinh\lap trinh\embedded\SDK_1.0.3_NUCLEO-F401RE\lib_stm\libLibraries.a(utilities.o)
 .debug_aranges
                0x0000000000000990       0x50 D:\Lap Trinh\lap trinh\embedded\SDK_1.0.3_NUCLEO-F401RE\lib_stm\libLibraries.a(ucg_clip.o)
 .debug_aranges
                0x00000000000009e0       0xa0 D:\Lap Trinh\lap trinh\embedded\SDK_1.0.3_NUCLEO-F401RE\lib_stm\libLibraries.a(ucg_com_msg_api.o)

.debug_ranges   0x0000000000000000      0x8f0
 .debug_ranges  0x0000000000000000       0x68 ./Src/main.o
 .debug_ranges  0x0000000000000068       0x10 ./Src/sysmem.o
 .debug_ranges  0x0000000000000078       0x20 ./Startup/startup_stm32f401retx.o
 .debug_ranges  0x0000000000000098       0x20 D:\Lap Trinh\lap trinh\embedded\SDK_1.0.3_NUCLEO-F401RE\lib_stm\libLibraries.a(system_stm32f4xx.o)
 .debug_ranges  0x00000000000000b8       0x78 D:\Lap Trinh\lap trinh\embedded\SDK_1.0.3_NUCLEO-F401RE\lib_stm\libLibraries.a(stm32f401re_gpio.o)
 .debug_ranges  0x0000000000000130      0x120 D:\Lap Trinh\lap trinh\embedded\SDK_1.0.3_NUCLEO-F401RE\lib_stm\libLibraries.a(stm32f401re_i2c.o)
 .debug_ranges  0x0000000000000250      0x188 D:\Lap Trinh\lap trinh\embedded\SDK_1.0.3_NUCLEO-F401RE\lib_stm\libLibraries.a(stm32f401re_rcc.o)
 .debug_ranges  0x00000000000003d8       0x60 D:\Lap Trinh\lap trinh\embedded\SDK_1.0.3_NUCLEO-F401RE\lib_stm\libLibraries.a(timer.o)
 .debug_ranges  0x0000000000000438       0x38 D:\Lap Trinh\lap trinh\embedded\SDK_1.0.3_NUCLEO-F401RE\lib_stm\libLibraries.a(Ucglib.o)
 .debug_ranges  0x0000000000000470       0x38 D:\Lap Trinh\lap trinh\embedded\SDK_1.0.3_NUCLEO-F401RE\lib_stm\libLibraries.a(ucg_box.o)
 .debug_ranges  0x00000000000004a8       0x20 D:\Lap Trinh\lap trinh\embedded\SDK_1.0.3_NUCLEO-F401RE\lib_stm\libLibraries.a(ucg_ccs.o)
 .debug_ranges  0x00000000000004c8       0x38 D:\Lap Trinh\lap trinh\embedded\SDK_1.0.3_NUCLEO-F401RE\lib_stm\libLibraries.a(ucg_dev_default_cb.o)
 .debug_ranges  0x0000000000000500       0x30 D:\Lap Trinh\lap trinh\embedded\SDK_1.0.3_NUCLEO-F401RE\lib_stm\libLibraries.a(ucg_dev_ic_st7735.o)
 .debug_ranges  0x0000000000000530       0x50 D:\Lap Trinh\lap trinh\embedded\SDK_1.0.3_NUCLEO-F401RE\lib_stm\libLibraries.a(ucg_dev_msg_api.o)
 .debug_ranges  0x0000000000000580       0x10 D:\Lap Trinh\lap trinh\embedded\SDK_1.0.3_NUCLEO-F401RE\lib_stm\libLibraries.a(ucg_dev_tft_128x128_st7735.o)
 .debug_ranges  0x0000000000000590      0x158 D:\Lap Trinh\lap trinh\embedded\SDK_1.0.3_NUCLEO-F401RE\lib_stm\libLibraries.a(ucg_font.o)
 .debug_ranges  0x00000000000006e8       0x18 D:\Lap Trinh\lap trinh\embedded\SDK_1.0.3_NUCLEO-F401RE\lib_stm\libLibraries.a(ucg_init.o)
 .debug_ranges  0x0000000000000700       0x38 D:\Lap Trinh\lap trinh\embedded\SDK_1.0.3_NUCLEO-F401RE\lib_stm\libLibraries.a(ucg_line.o)
 .debug_ranges  0x0000000000000738       0x18 D:\Lap Trinh\lap trinh\embedded\SDK_1.0.3_NUCLEO-F401RE\lib_stm\libLibraries.a(ucg_pixel.o)
 .debug_ranges  0x0000000000000750       0x58 D:\Lap Trinh\lap trinh\embedded\SDK_1.0.3_NUCLEO-F401RE\lib_stm\libLibraries.a(ucg_rotate.o)
 .debug_ranges  0x00000000000007a8       0x40 D:\Lap Trinh\lap trinh\embedded\SDK_1.0.3_NUCLEO-F401RE\lib_stm\libLibraries.a(buff.o)
 .debug_ranges  0x00000000000007e8       0x38 D:\Lap Trinh\lap trinh\embedded\SDK_1.0.3_NUCLEO-F401RE\lib_stm\libLibraries.a(utilities.o)
 .debug_ranges  0x0000000000000820       0x40 D:\Lap Trinh\lap trinh\embedded\SDK_1.0.3_NUCLEO-F401RE\lib_stm\libLibraries.a(ucg_clip.o)
 .debug_ranges  0x0000000000000860       0x90 D:\Lap Trinh\lap trinh\embedded\SDK_1.0.3_NUCLEO-F401RE\lib_stm\libLibraries.a(ucg_com_msg_api.o)

.debug_macro    0x0000000000000000     0xee6d
 .debug_macro   0x0000000000000000      0x339 ./Src/main.o
 .debug_macro   0x0000000000000339      0xa84 ./Src/main.o
 .debug_macro   0x0000000000000dbd       0x22 ./Src/main.o
 .debug_macro   0x0000000000000ddf       0x8e ./Src/main.o
 .debug_macro   0x0000000000000e6d       0x51 ./Src/main.o
 .debug_macro   0x0000000000000ebe      0x103 ./Src/main.o
 .debug_macro   0x0000000000000fc1       0x6a ./Src/main.o
 .debug_macro   0x000000000000102b      0x1df ./Src/main.o
 .debug_macro   0x000000000000120a      0x174 ./Src/main.o
 .debug_macro   0x000000000000137e       0x22 ./Src/main.o
 .debug_macro   0x00000000000013a0      0x301 ./Src/main.o
 .debug_macro   0x00000000000016a1       0x7c ./Src/main.o
 .debug_macro   0x000000000000171d       0x6b ./Src/main.o
 .debug_macro   0x0000000000001788       0x3b ./Src/main.o
 .debug_macro   0x00000000000017c3       0x34 ./Src/main.o
 .debug_macro   0x00000000000017f7       0x26 ./Src/main.o
 .debug_macro   0x000000000000181d      0xe43 ./Src/main.o
 .debug_macro   0x0000000000002660     0x8018 ./Src/main.o
 .debug_macro   0x000000000000a678      0x2b4 ./Src/main.o
 .debug_macro   0x000000000000a92c       0x52 ./Src/main.o
 .debug_macro   0x000000000000a97e       0x1e ./Src/main.o
 .debug_macro   0x000000000000a99c       0x3c ./Src/main.o
 .debug_macro   0x000000000000a9d8       0x34 ./Src/main.o
 .debug_macro   0x000000000000aa0c       0x16 ./Src/main.o
 .debug_macro   0x000000000000aa22       0x43 ./Src/main.o
 .debug_macro   0x000000000000aa65       0x34 ./Src/main.o
 .debug_macro   0x000000000000aa99       0x10 ./Src/main.o
 .debug_macro   0x000000000000aaa9       0x58 ./Src/main.o
 .debug_macro   0x000000000000ab01       0x71 ./Src/main.o
 .debug_macro   0x000000000000ab72       0x1c ./Src/main.o
 .debug_macro   0x000000000000ab8e      0x12a ./Src/main.o
 .debug_macro   0x000000000000acb8      0x341 ./Src/main.o
 .debug_macro   0x000000000000aff9       0x10 ./Src/main.o
 .debug_macro   0x000000000000b009       0x35 ./Src/main.o
 .debug_macro   0x000000000000b03e       0x20 ./Src/main.o
 .debug_macro   0x000000000000b05e       0x1c ./Src/main.o
 .debug_macro   0x000000000000b07a       0x10 ./Src/main.o
 .debug_macro   0x000000000000b08a       0x10 ./Src/main.o
 .debug_macro   0x000000000000b09a       0x1c ./Src/main.o
 .debug_macro   0x000000000000b0b6       0x52 ./Src/main.o
 .debug_macro   0x000000000000b108       0x22 ./Src/main.o
 .debug_macro   0x000000000000b12a       0x10 ./Src/main.o
 .debug_macro   0x000000000000b13a       0x52 ./Src/main.o
 .debug_macro   0x000000000000b18c       0xd5 ./Src/main.o
 .debug_macro   0x000000000000b261       0x1c ./Src/main.o
 .debug_macro   0x000000000000b27d       0x3d ./Src/main.o
 .debug_macro   0x000000000000b2ba       0x16 ./Src/main.o
 .debug_macro   0x000000000000b2d0      0x145 ./Src/main.o
 .debug_macro   0x000000000000b415      0x64a ./Src/main.o
 .debug_macro   0x000000000000ba5f      0x2f4 ./Src/main.o
 .debug_macro   0x000000000000bd53       0x82 ./Src/main.o
 .debug_macro   0x000000000000bdd5       0xff ./Src/sysmem.o
 .debug_macro   0x000000000000bed4      0x23b ./Src/sysmem.o
 .debug_macro   0x000000000000c10f       0xce D:\Lap Trinh\lap trinh\embedded\SDK_1.0.3_NUCLEO-F401RE\lib_stm\libLibraries.a(system_stm32f4xx.o)
 .debug_macro   0x000000000000c1dd      0xa66 D:\Lap Trinh\lap trinh\embedded\SDK_1.0.3_NUCLEO-F401RE\lib_stm\libLibraries.a(system_stm32f4xx.o)
 .debug_macro   0x000000000000cc43       0x22 D:\Lap Trinh\lap trinh\embedded\SDK_1.0.3_NUCLEO-F401RE\lib_stm\libLibraries.a(system_stm32f4xx.o)
 .debug_macro   0x000000000000cc65       0xef D:\Lap Trinh\lap trinh\embedded\SDK_1.0.3_NUCLEO-F401RE\lib_stm\libLibraries.a(system_stm32f4xx.o)
 .debug_macro   0x000000000000cd54       0xc3 D:\Lap Trinh\lap trinh\embedded\SDK_1.0.3_NUCLEO-F401RE\lib_stm\libLibraries.a(stm32f401re_gpio.o)
 .debug_macro   0x000000000000ce17      0x2ee D:\Lap Trinh\lap trinh\embedded\SDK_1.0.3_NUCLEO-F401RE\lib_stm\libLibraries.a(stm32f401re_gpio.o)
 .debug_macro   0x000000000000d105       0xd5 D:\Lap Trinh\lap trinh\embedded\SDK_1.0.3_NUCLEO-F401RE\lib_stm\libLibraries.a(stm32f401re_i2c.o)
 .debug_macro   0x000000000000d1da      0x18d D:\Lap Trinh\lap trinh\embedded\SDK_1.0.3_NUCLEO-F401RE\lib_stm\libLibraries.a(stm32f401re_rcc.o)
 .debug_macro   0x000000000000d367      0x644 D:\Lap Trinh\lap trinh\embedded\SDK_1.0.3_NUCLEO-F401RE\lib_stm\libLibraries.a(stm32f401re_rcc.o)
 .debug_macro   0x000000000000d9ab       0xe3 D:\Lap Trinh\lap trinh\embedded\SDK_1.0.3_NUCLEO-F401RE\lib_stm\libLibraries.a(timer.o)
 .debug_macro   0x000000000000da8e       0x1c D:\Lap Trinh\lap trinh\embedded\SDK_1.0.3_NUCLEO-F401RE\lib_stm\libLibraries.a(timer.o)
 .debug_macro   0x000000000000daaa       0x16 D:\Lap Trinh\lap trinh\embedded\SDK_1.0.3_NUCLEO-F401RE\lib_stm\libLibraries.a(timer.o)
 .debug_macro   0x000000000000dac0      0x141 D:\Lap Trinh\lap trinh\embedded\SDK_1.0.3_NUCLEO-F401RE\lib_stm\libLibraries.a(Ucglib.o)
 .debug_macro   0x000000000000dc01      0x174 D:\Lap Trinh\lap trinh\embedded\SDK_1.0.3_NUCLEO-F401RE\lib_stm\libLibraries.a(Ucglib.o)
 .debug_macro   0x000000000000dd75       0x84 D:\Lap Trinh\lap trinh\embedded\SDK_1.0.3_NUCLEO-F401RE\lib_stm\libLibraries.a(ucg_box.o)
 .debug_macro   0x000000000000ddf9       0x84 D:\Lap Trinh\lap trinh\embedded\SDK_1.0.3_NUCLEO-F401RE\lib_stm\libLibraries.a(ucg_ccs.o)
 .debug_macro   0x000000000000de7d       0x84 D:\Lap Trinh\lap trinh\embedded\SDK_1.0.3_NUCLEO-F401RE\lib_stm\libLibraries.a(ucg_dev_default_cb.o)
 .debug_macro   0x000000000000df01       0x84 D:\Lap Trinh\lap trinh\embedded\SDK_1.0.3_NUCLEO-F401RE\lib_stm\libLibraries.a(ucg_dev_ic_st7735.o)
 .debug_macro   0x000000000000df85       0x88 D:\Lap Trinh\lap trinh\embedded\SDK_1.0.3_NUCLEO-F401RE\lib_stm\libLibraries.a(ucg_dev_msg_api.o)
 .debug_macro   0x000000000000e00d       0x84 D:\Lap Trinh\lap trinh\embedded\SDK_1.0.3_NUCLEO-F401RE\lib_stm\libLibraries.a(ucg_dev_tft_128x128_st7735.o)
 .debug_macro   0x000000000000e091      0x15a D:\Lap Trinh\lap trinh\embedded\SDK_1.0.3_NUCLEO-F401RE\lib_stm\libLibraries.a(ucg_font.o)
 .debug_macro   0x000000000000e1eb       0x1c D:\Lap Trinh\lap trinh\embedded\SDK_1.0.3_NUCLEO-F401RE\lib_stm\libLibraries.a(ucg_font.o)
 .debug_macro   0x000000000000e207       0x46 D:\Lap Trinh\lap trinh\embedded\SDK_1.0.3_NUCLEO-F401RE\lib_stm\libLibraries.a(ucg_font.o)
 .debug_macro   0x000000000000e24d       0x18 D:\Lap Trinh\lap trinh\embedded\SDK_1.0.3_NUCLEO-F401RE\lib_stm\libLibraries.a(ucg_font.o)
 .debug_macro   0x000000000000e265       0x3c D:\Lap Trinh\lap trinh\embedded\SDK_1.0.3_NUCLEO-F401RE\lib_stm\libLibraries.a(ucg_font.o)
 .debug_macro   0x000000000000e2a1       0x52 D:\Lap Trinh\lap trinh\embedded\SDK_1.0.3_NUCLEO-F401RE\lib_stm\libLibraries.a(ucg_font.o)
 .debug_macro   0x000000000000e2f3       0x1f D:\Lap Trinh\lap trinh\embedded\SDK_1.0.3_NUCLEO-F401RE\lib_stm\libLibraries.a(ucg_font.o)
 .debug_macro   0x000000000000e312       0x43 D:\Lap Trinh\lap trinh\embedded\SDK_1.0.3_NUCLEO-F401RE\lib_stm\libLibraries.a(ucg_font.o)
 .debug_macro   0x000000000000e355       0x20 D:\Lap Trinh\lap trinh\embedded\SDK_1.0.3_NUCLEO-F401RE\lib_stm\libLibraries.a(ucg_font.o)
 .debug_macro   0x000000000000e375      0x1a3 D:\Lap Trinh\lap trinh\embedded\SDK_1.0.3_NUCLEO-F401RE\lib_stm\libLibraries.a(ucg_font.o)
 .debug_macro   0x000000000000e518      0x330 D:\Lap Trinh\lap trinh\embedded\SDK_1.0.3_NUCLEO-F401RE\lib_stm\libLibraries.a(ucg_font.o)
 .debug_macro   0x000000000000e848       0x35 D:\Lap Trinh\lap trinh\embedded\SDK_1.0.3_NUCLEO-F401RE\lib_stm\libLibraries.a(ucg_font.o)
 .debug_macro   0x000000000000e87d      0x145 D:\Lap Trinh\lap trinh\embedded\SDK_1.0.3_NUCLEO-F401RE\lib_stm\libLibraries.a(ucg_init.o)
 .debug_macro   0x000000000000e9c2       0x84 D:\Lap Trinh\lap trinh\embedded\SDK_1.0.3_NUCLEO-F401RE\lib_stm\libLibraries.a(ucg_line.o)
 .debug_macro   0x000000000000ea46       0x84 D:\Lap Trinh\lap trinh\embedded\SDK_1.0.3_NUCLEO-F401RE\lib_stm\libLibraries.a(ucg_pixel.o)
 .debug_macro   0x000000000000eaca       0x84 D:\Lap Trinh\lap trinh\embedded\SDK_1.0.3_NUCLEO-F401RE\lib_stm\libLibraries.a(ucg_pixel_font_data.o)
 .debug_macro   0x000000000000eb4e       0xbd D:\Lap Trinh\lap trinh\embedded\SDK_1.0.3_NUCLEO-F401RE\lib_stm\libLibraries.a(ucg_rotate.o)
 .debug_macro   0x000000000000ec0b       0xc2 D:\Lap Trinh\lap trinh\embedded\SDK_1.0.3_NUCLEO-F401RE\lib_stm\libLibraries.a(buff.o)
 .debug_macro   0x000000000000eccd       0x16 D:\Lap Trinh\lap trinh\embedded\SDK_1.0.3_NUCLEO-F401RE\lib_stm\libLibraries.a(buff.o)
 .debug_macro   0x000000000000ece3       0x72 D:\Lap Trinh\lap trinh\embedded\SDK_1.0.3_NUCLEO-F401RE\lib_stm\libLibraries.a(utilities.o)
 .debug_macro   0x000000000000ed55       0x10 D:\Lap Trinh\lap trinh\embedded\SDK_1.0.3_NUCLEO-F401RE\lib_stm\libLibraries.a(utilities.o)
 .debug_macro   0x000000000000ed65       0x84 D:\Lap Trinh\lap trinh\embedded\SDK_1.0.3_NUCLEO-F401RE\lib_stm\libLibraries.a(ucg_clip.o)
 .debug_macro   0x000000000000ede9       0x84 D:\Lap Trinh\lap trinh\embedded\SDK_1.0.3_NUCLEO-F401RE\lib_stm\libLibraries.a(ucg_com_msg_api.o)

.debug_line     0x0000000000000000     0x887e
 .debug_line    0x0000000000000000      0xa5b ./Src/main.o
 .debug_line    0x0000000000000a5b      0x4e5 ./Src/sysmem.o
 .debug_line    0x0000000000000f40       0x84 ./Startup/startup_stm32f401retx.o
 .debug_line    0x0000000000000fc4      0x4a0 D:\Lap Trinh\lap trinh\embedded\SDK_1.0.3_NUCLEO-F401RE\lib_stm\libLibraries.a(system_stm32f4xx.o)
 .debug_line    0x0000000000001464      0x65e D:\Lap Trinh\lap trinh\embedded\SDK_1.0.3_NUCLEO-F401RE\lib_stm\libLibraries.a(stm32f401re_gpio.o)
 .debug_line    0x0000000000001ac2      0x7f1 D:\Lap Trinh\lap trinh\embedded\SDK_1.0.3_NUCLEO-F401RE\lib_stm\libLibraries.a(stm32f401re_i2c.o)
 .debug_line    0x00000000000022b3      0x8d2 D:\Lap Trinh\lap trinh\embedded\SDK_1.0.3_NUCLEO-F401RE\lib_stm\libLibraries.a(stm32f401re_rcc.o)
 .debug_line    0x0000000000002b85      0x684 D:\Lap Trinh\lap trinh\embedded\SDK_1.0.3_NUCLEO-F401RE\lib_stm\libLibraries.a(timer.o)
 .debug_line    0x0000000000003209      0x5cd D:\Lap Trinh\lap trinh\embedded\SDK_1.0.3_NUCLEO-F401RE\lib_stm\libLibraries.a(Ucglib.o)
 .debug_line    0x00000000000037d6      0x4c6 D:\Lap Trinh\lap trinh\embedded\SDK_1.0.3_NUCLEO-F401RE\lib_stm\libLibraries.a(ucg_box.o)
 .debug_line    0x0000000000003c9c      0x420 D:\Lap Trinh\lap trinh\embedded\SDK_1.0.3_NUCLEO-F401RE\lib_stm\libLibraries.a(ucg_ccs.o)
 .debug_line    0x00000000000040bc      0x521 D:\Lap Trinh\lap trinh\embedded\SDK_1.0.3_NUCLEO-F401RE\lib_stm\libLibraries.a(ucg_dev_default_cb.o)
 .debug_line    0x00000000000045dd      0x512 D:\Lap Trinh\lap trinh\embedded\SDK_1.0.3_NUCLEO-F401RE\lib_stm\libLibraries.a(ucg_dev_ic_st7735.o)
 .debug_line    0x0000000000004aef      0x48a D:\Lap Trinh\lap trinh\embedded\SDK_1.0.3_NUCLEO-F401RE\lib_stm\libLibraries.a(ucg_dev_msg_api.o)
 .debug_line    0x0000000000004f79      0x403 D:\Lap Trinh\lap trinh\embedded\SDK_1.0.3_NUCLEO-F401RE\lib_stm\libLibraries.a(ucg_dev_tft_128x128_st7735.o)
 .debug_line    0x000000000000537c      0x971 D:\Lap Trinh\lap trinh\embedded\SDK_1.0.3_NUCLEO-F401RE\lib_stm\libLibraries.a(ucg_font.o)
 .debug_line    0x0000000000005ced      0x55c D:\Lap Trinh\lap trinh\embedded\SDK_1.0.3_NUCLEO-F401RE\lib_stm\libLibraries.a(ucg_init.o)
 .debug_line    0x0000000000006249      0x498 D:\Lap Trinh\lap trinh\embedded\SDK_1.0.3_NUCLEO-F401RE\lib_stm\libLibraries.a(ucg_line.o)
 .debug_line    0x00000000000066e1      0x400 D:\Lap Trinh\lap trinh\embedded\SDK_1.0.3_NUCLEO-F401RE\lib_stm\libLibraries.a(ucg_pixel.o)
 .debug_line    0x0000000000006ae1      0x3e1 D:\Lap Trinh\lap trinh\embedded\SDK_1.0.3_NUCLEO-F401RE\lib_stm\libLibraries.a(ucg_pixel_font_data.o)
 .debug_line    0x0000000000006ec2      0x5d4 D:\Lap Trinh\lap trinh\embedded\SDK_1.0.3_NUCLEO-F401RE\lib_stm\libLibraries.a(ucg_rotate.o)
 .debug_line    0x0000000000007496      0x532 D:\Lap Trinh\lap trinh\embedded\SDK_1.0.3_NUCLEO-F401RE\lib_stm\libLibraries.a(buff.o)
 .debug_line    0x00000000000079c8      0x46f D:\Lap Trinh\lap trinh\embedded\SDK_1.0.3_NUCLEO-F401RE\lib_stm\libLibraries.a(utilities.o)
 .debug_line    0x0000000000007e37      0x4c1 D:\Lap Trinh\lap trinh\embedded\SDK_1.0.3_NUCLEO-F401RE\lib_stm\libLibraries.a(ucg_clip.o)
 .debug_line    0x00000000000082f8      0x586 D:\Lap Trinh\lap trinh\embedded\SDK_1.0.3_NUCLEO-F401RE\lib_stm\libLibraries.a(ucg_com_msg_api.o)

.debug_str      0x0000000000000000    0x49ef0
 .debug_str     0x0000000000000000    0x42624 ./Src/main.o