../Src/main.c:82:6:I2C_InitMaster	32	static
../Src/main.c:125:13:I2C_start	8	static
../Src/main.c:150:13:I2C_Address_Direction	16	static
../Src/main.c:177:13:I2C_Transmit_CMD	16	static
../Src/main.c:198:13:I2C_Stop	8	static
../Src/main.c:214:16:I2C_Receive_Ack	16	static
../Src/main.c:233:16:I2C_Receive_Nack	16	static
../Src/main.c:253:17:TemHumSensor_readRegister	24	static
../Src/main.c:298:17:TemHumSensor_getTemperature	16	static
../Src/main.c:318:17:TemHumSensor_getHumidity	16	static
../Src/main.c:338:6:processGetValueSensor	16	static
../Src/main.c:350:5:main	16	static
